<html>
<body>
<pre>
<h1>µVision Build Log</h1>
<h2>Tool Versions:</h2>
IDE-Version: ¦ÌVision V5.24.2.0
Copyright (C) 2017 ARM Ltd and ARM Germany GmbH. All rights reserved.
License Information: 1 1, dqdqd, LIC=VGXG8-35PC6-UH18H-WZWFU-J6CJC-QWQJ8
 
Tool Versions:
Toolchain:       MDK-ARM Plus  Version: 5.24.1
Toolchain Path:  D:\keil5\ARM\ARMCC\Bin
C Compiler:      Armcc.exe V5.06 update 5 (build 528)
Assembler:       Armasm.exe V5.06 update 5 (build 528)
Linker/Locator:  ArmLink.exe V5.06 update 5 (build 528)
Library Manager: ArmAr.exe V5.06 update 5 (build 528)
Hex Converter:   FromElf.exe V5.06 update 5 (build 528)
CPU DLL:         SARMCM3.DLL V5.24.1
Dialog DLL:      DCM.DLL V1.16.0.0
Target DLL:      STLink\ST-LINKIII-KEIL_SWO.dll V3.0.1.0
Dialog DLL:      TCM.DLL V1.32.0.0
 
<h2>Project:</h2>
E:\CNMIOS\M3os\Anlays\z4OPTIMIZE\Project.uvprojx
Project File Date:  11/16/2024

<h2>Output:</h2>
*** Using Compiler 'V5.06 update 5 (build 528)', folder: 'D:\keil5\ARM\ARMCC\Bin'
Rebuild target 'Target 1'
assembling startup_stm32f10x_md.s...
compiling queue.c...
mylib\queue.h(43): warning:  #1295-D: Deprecated declaration ReadBufOne - give arg types
  uint8_t ReadBufOne();
mylib\queue.c: 1 warning, 0 errors
compiling bluetooth.c...
compiling oled.c...
compiling keyborad.c...
compiling stm32f10x_bkp.c...
compiling stm32f10x_can.c...
compiling stm32f10x_adc.c...
compiling stm32f10x_cec.c...
compiling systick.c...
compiling misc.c...
compiling stm32f10x_crc.c...
compiling MPU6050.c...
compiling stm32f10x_dac.c...
compiling inter.c...
compiling mainwindow.c...
mylib\queue.h(43): warning:  #1295-D: Deprecated declaration ReadBufOne - give arg types
  uint8_t ReadBufOne();
mylib\mainwindow.c(429): warning:  #177-D: variable "data"  was declared but never referenced
  	uint8_t data;
mylib\mainwindow.c(430): warning:  #177-D: variable "lock"  was declared but never referenced
  	uint8_t lock = 0;
mylib\mainwindow.c(431): warning:  #177-D: variable "j"  was declared but never referenced
  	int8_t j = 0;
mylib\mainwindow.c: 4 warnings, 0 errors
compiling main.c...
.\mylib\queue.h(43): warning:  #1295-D: Deprecated declaration ReadBufOne - give arg types
  uint8_t ReadBufOne();
User\main.c: 1 warning, 0 errors
compiling stm32f10x_dbgmcu.c...
compiling stm32f10x_dma.c...
compiling stm32f10x_exti.c...
compiling stm32f10x_rtc.c...
compiling stm32f10x_gpio.c...
compiling stm32f10x_i2c.c...
compiling stm32f10x_fsmc.c...
compiling stm32f10x_pwr.c...
compiling stm32f10x_iwdg.c...
compiling stm32f10x_rcc.c...
compiling stm32f10x_flash.c...
compiling stm32f10x_sdio.c...
compiling stm32f10x_spi.c...
compiling stm32f10x_wwdg.c...
compiling stm32f10x_usart.c...
compiling stm32f10x_tim.c...
compiling inv_mpu.c...
compiling dma.c...
compiling W25Q64.c...
compiling usart.c...
.\mylib\queue.h(43): warning:  #1295-D: Deprecated declaration ReadBufOne - give arg types
  uint8_t ReadBufOne();
USART\usart.c: 1 warning, 0 errors
compiling inv_mpu_dmp_motion_driver.c...
linking...
Program Size: Code=6428 RO-data=2400 RW-data=64 ZI-data=1632  
".\Objects\Project.axf" - 0 Error(s), 7 Warning(s).

<h2>Software Packages used:</h2>

Package Vendor: Keil
                http://www.keil.com/pack/Keil.STM32F1xx_DFP.2.2.0.pack
                Keil.STM32F1xx_DFP.2.2.0
                STMicroelectronics STM32F1 Series Device Support, Drivers and Examples

<h2>Collection of Component include folders:</h2>
  .\RTE\_Target_1
  D:\keil5\ARM\PACK\Keil\STM32F1xx_DFP\2.2.0\Device\Include

<h2>Collection of Component Files used:</h2>
Build Time Elapsed:  00:00:02
</pre>
</body>
</html>
