Component: ARM Compiler 5.06 update 5 (build 528) Tool: armlink [4d35e2]

==============================================================================

Section Cross References

    startup_stm32f10x_md.o(STACK) refers (Special) to heapauxi.o(.text) for __use_two_region_memory
    startup_stm32f10x_md.o(HEAP) refers (Special) to heapauxi.o(.text) for __use_two_region_memory
    startup_stm32f10x_md.o(RESET) refers (Special) to heapauxi.o(.text) for __use_two_region_memory
    startup_stm32f10x_md.o(RESET) refers to startup_stm32f10x_md.o(STACK) for __initial_sp
    startup_stm32f10x_md.o(RESET) refers to startup_stm32f10x_md.o(.text) for Reset_Handler
    startup_stm32f10x_md.o(RESET) refers to main.o(i.SysTick_Handler) for SysTick_Handler
    startup_stm32f10x_md.o(RESET) refers to inter.o(i.EXTI0_IRQHandler) for EXTI0_IRQHandler
    startup_stm32f10x_md.o(RESET) refers to inter.o(i.EXTI1_IRQHandler) for EXTI1_IRQHandler
    startup_stm32f10x_md.o(RESET) refers to inter.o(i.EXTI2_IRQHandler) for EXTI2_IRQHandler
    startup_stm32f10x_md.o(RESET) refers to inter.o(i.EXTI4_IRQHandler) for EXTI4_IRQHandler
    startup_stm32f10x_md.o(RESET) refers to dma.o(i.DMA1_Channel5_IRQHandler) for DMA1_Channel5_IRQHandler
    startup_stm32f10x_md.o(RESET) refers to inter.o(i.EXTI9_5_IRQHandler) for EXTI9_5_IRQHandler
    startup_stm32f10x_md.o(RESET) refers to usart.o(i.USART1_IRQHandler) for USART1_IRQHandler
    startup_stm32f10x_md.o(.text) refers (Special) to heapauxi.o(.text) for __use_two_region_memory
    startup_stm32f10x_md.o(.text) refers to main.o(i.SystemInit) for SystemInit
    startup_stm32f10x_md.o(.text) refers to __main.o(!!!main) for __main
    startup_stm32f10x_md.o(.text) refers to startup_stm32f10x_md.o(HEAP) for Heap_Mem
    startup_stm32f10x_md.o(.text) refers to startup_stm32f10x_md.o(STACK) for Stack_Mem
    main.o(i.SysTick_Handler) refers to systick.o(i.DateCalculate) for DateCalculate
    main.o(i.SysTick_Handler) refers to main.o(.data) for SysTime
    main.o(i.main) refers to oled.o(i.Oled_Init) for Oled_Init
    main.o(i.main) refers to w25q64.o(i.SpiInit) for SpiInit
    main.o(i.main) refers to systick.o(i.SysTickInit) for SysTickInit
    main.o(i.main) refers to keyborad.o(i.KeyBoradInit2) for KeyBoradInit2
    main.o(i.main) refers to mpu6050.o(i.MPUInit) for MPUInit
    main.o(i.main) refers to usart.o(i.JdyInit) for JdyInit
    main.o(i.main) refers to systick.o(i.DateCalculate) for DateCalculate
    main.o(i.main) refers to h1_alloc.o(.text) for malloc
    main.o(i.main) refers to mainwindow.o(i.AppShow) for AppShow
    main.o(i.main) refers to main.o(.data) for status
    main.o(i.main) refers to queue.o(.data) for buffer
    oled.o(i.OledClear) refers to oled.o(i.OledSetCursor) for OledSetCursor
    oled.o(i.OledClear) refers to oled.o(i.OledWriteData) for OledWriteData
    oled.o(i.OledSetCursor) refers to oled.o(i.OledWriteCommand) for OledWriteCommand
    oled.o(i.OledShowCOLON) refers to oled.o(i.OledSetCursor) for OledSetCursor
    oled.o(i.OledShowCOLON) refers to oled.o(i.OledWriteData) for OledWriteData
    oled.o(i.OledShowCOLON) refers to oled.o(.constdata) for COLON
    oled.o(i.OledShowChar) refers to oled.o(i.OledSetCursor) for OledSetCursor
    oled.o(i.OledShowChar) refers to oled.o(i.OledWriteData) for OledWriteData
    oled.o(i.OledShowChar) refers to oled.o(.constdata) for OLED_F8x16
    oled.o(i.OledShowCharNo) refers to oled.o(i.OledSetCursor) for OledSetCursor
    oled.o(i.OledShowCharNo) refers to oled.o(i.OledWriteData) for OledWriteData
    oled.o(i.OledShowCharNo) refers to oled.o(.constdata) for OLED_F8x16
    oled.o(i.OledShowHexNum) refers to oled.o(i.OLED_Pow) for OLED_Pow
    oled.o(i.OledShowHexNum) refers to oled.o(i.OledShowChar) for OledShowChar
    oled.o(i.OledShowNUM) refers to oled.o(i.OledSetCursor) for OledSetCursor
    oled.o(i.OledShowNUM) refers to oled.o(i.OledWriteData) for OledWriteData
    oled.o(i.OledShowNUM) refers to oled.o(.constdata) for NUMLED
    oled.o(i.OledShowNUMNo) refers to oled.o(i.OledSetCursor) for OledSetCursor
    oled.o(i.OledShowNUMNo) refers to oled.o(i.OledWriteData) for OledWriteData
    oled.o(i.OledShowNUMNo) refers to oled.o(.constdata) for NUMLED
    oled.o(i.OledShowNum) refers to oled.o(i.OLED_Pow) for OLED_Pow
    oled.o(i.OledShowNum) refers to oled.o(i.OledShowChar) for OledShowChar
    oled.o(i.OledShowSignedNum) refers to oled.o(i.OledShowChar) for OledShowChar
    oled.o(i.OledShowSignedNum) refers to oled.o(i.OLED_Pow) for OLED_Pow
    oled.o(i.OledShowString) refers to oled.o(i.OledShowChar) for OledShowChar
    oled.o(i.OledShowStringNo) refers to oled.o(i.OledShowCharNo) for OledShowCharNo
    oled.o(i.OledWriteCommand) refers to oled.o(i.IicSendByte) for IicSendByte
    oled.o(i.OledWriteData) refers to oled.o(i.IicSendByte) for IicSendByte
    oled.o(i.Oled_Init) refers to oled.o(i.OledWriteCommand) for OledWriteCommand
    oled.o(i.Oled_Init) refers to oled.o(i.OledClear) for OledClear
[...]
    Removing stm32f10x_sdio.o(i.SDIO_ReadData), (12 bytes).
    Removing stm32f10x_sdio.o(i.SDIO_SendCEATACmd), (12 bytes).
    Removing stm32f10x_sdio.o(i.SDIO_SendCommand), (44 bytes).
    Removing stm32f10x_sdio.o(i.SDIO_SendSDIOSuspendCmd), (12 bytes).
    Removing stm32f10x_sdio.o(i.SDIO_SetPowerState), (28 bytes).
    Removing stm32f10x_sdio.o(i.SDIO_SetSDIOOperation), (12 bytes).
    Removing stm32f10x_sdio.o(i.SDIO_SetSDIOReadWaitMode), (12 bytes).
    Removing stm32f10x_sdio.o(i.SDIO_StartSDIOReadWait), (12 bytes).
    Removing stm32f10x_sdio.o(i.SDIO_StopSDIOReadWait), (12 bytes).
    Removing stm32f10x_sdio.o(i.SDIO_StructInit), (16 bytes).
    Removing stm32f10x_sdio.o(i.SDIO_WriteData), (12 bytes).
    Removing stm32f10x_spi.o(i.I2S_Cmd), (24 bytes).
    Removing stm32f10x_spi.o(i.I2S_Init), (232 bytes).
    Removing stm32f10x_spi.o(i.I2S_StructInit), (20 bytes).
    Removing stm32f10x_spi.o(i.SPI_BiDirectionalLineConfig), (28 bytes).
    Removing stm32f10x_spi.o(i.SPI_CalculateCRC), (24 bytes).
    Removing stm32f10x_spi.o(i.SPI_DataSizeConfig), (18 bytes).
    Removing stm32f10x_spi.o(i.SPI_GetCRC), (16 bytes).
    Removing stm32f10x_spi.o(i.SPI_GetCRCPolynomial), (6 bytes).
    Removing stm32f10x_spi.o(i.SPI_I2S_ClearFlag), (6 bytes).
    Removing stm32f10x_spi.o(i.SPI_I2S_ClearITPendingBit), (20 bytes).
    Removing stm32f10x_spi.o(i.SPI_I2S_DMACmd), (18 bytes).
    Removing stm32f10x_spi.o(i.SPI_I2S_DeInit), (88 bytes).
    Removing stm32f10x_spi.o(i.SPI_I2S_GetITStatus), (52 bytes).
    Removing stm32f10x_spi.o(i.SPI_I2S_ITConfig), (32 bytes).
    Removing stm32f10x_spi.o(i.SPI_NSSInternalSoftwareConfig), (30 bytes).
    Removing stm32f10x_spi.o(i.SPI_SSOutputCmd), (24 bytes).
    Removing stm32f10x_spi.o(i.SPI_StructInit), (24 bytes).
    Removing stm32f10x_spi.o(i.SPI_TransmitCRC), (10 bytes).
    Removing stm32f10x_tim.o(i.TI1_Config), (128 bytes).
    Removing stm32f10x_tim.o(i.TI2_Config), (152 bytes).
    Removing stm32f10x_tim.o(i.TI3_Config), (144 bytes).
    Removing stm32f10x_tim.o(i.TI4_Config), (152 bytes).
    Removing stm32f10x_tim.o(i.TIM_ARRPreloadConfig), (24 bytes).
    Removing stm32f10x_tim.o(i.TIM_BDTRConfig), (32 bytes).
    Removing stm32f10x_tim.o(i.TIM_BDTRStructInit), (18 bytes).
    Removing stm32f10x_tim.o(i.TIM_CCPreloadControl), (24 bytes).
    Removing stm32f10x_tim.o(i.TIM_CCxCmd), (30 bytes).
    Removing stm32f10x_tim.o(i.TIM_CCxNCmd), (30 bytes).
    Removing stm32f10x_tim.o(i.TIM_ClearFlag), (6 bytes).
    Removing stm32f10x_tim.o(i.TIM_ClearITPendingBit), (6 bytes).
    Removing stm32f10x_tim.o(i.TIM_ClearOC1Ref), (18 bytes).
    Removing stm32f10x_tim.o(i.TIM_ClearOC2Ref), (24 bytes).
    Removing stm32f10x_tim.o(i.TIM_ClearOC3Ref), (18 bytes).
    Removing stm32f10x_tim.o(i.TIM_ClearOC4Ref), (24 bytes).
    Removing stm32f10x_tim.o(i.TIM_Cmd), (24 bytes).
    Removing stm32f10x_tim.o(i.TIM_CounterModeConfig), (18 bytes).
    Removing stm32f10x_tim.o(i.TIM_CtrlPWMOutputs), (30 bytes).
    Removing stm32f10x_tim.o(i.TIM_DMACmd), (18 bytes).
    Removing stm32f10x_tim.o(i.TIM_DMAConfig), (10 bytes).
    Removing stm32f10x_tim.o(i.TIM_DeInit), (488 bytes).
    Removing stm32f10x_tim.o(i.TIM_ETRClockMode1Config), (54 bytes).
    Removing stm32f10x_tim.o(i.TIM_ETRClockMode2Config), (32 bytes).
    Removing stm32f10x_tim.o(i.TIM_ETRConfig), (28 bytes).
    Removing stm32f10x_tim.o(i.TIM_EncoderInterfaceConfig), (66 bytes).
    Removing stm32f10x_tim.o(i.TIM_ForcedOC1Config), (18 bytes).
    Removing stm32f10x_tim.o(i.TIM_ForcedOC2Config), (26 bytes).
    Removing stm32f10x_tim.o(i.TIM_ForcedOC3Config), (18 bytes).
    Removing stm32f10x_tim.o(i.TIM_ForcedOC4Config), (26 bytes).
    Removing stm32f10x_tim.o(i.TIM_GenerateEvent), (4 bytes).
    Removing stm32f10x_tim.o(i.TIM_GetCapture1), (6 bytes).
    Removing stm32f10x_tim.o(i.TIM_GetCapture2), (6 bytes).
    Removing stm32f10x_tim.o(i.TIM_GetCapture3), (6 bytes).
    Removing stm32f10x_tim.o(i.TIM_GetCapture4), (8 bytes).
    Removing stm32f10x_tim.o(i.TIM_GetCounter), (6 bytes).
    Removing stm32f10x_tim.o(i.TIM_GetFlagStatus), (18 bytes).
    Removing stm32f10x_tim.o(i.TIM_GetITStatus), (34 bytes).
    Removing stm32f10x_tim.o(i.TIM_GetPrescaler), (6 bytes).
    Removing stm32f10x_tim.o(i.TIM_ICInit), (172 bytes).
    Removing stm32f10x_tim.o(i.TIM_ICStructInit), (18 bytes).
    Removing stm32f10x_tim.o(i.TIM_ITConfig), (18 bytes).
    Removing stm32f10x_tim.o(i.TIM_ITRxExternalClockConfig), (24 bytes).
    Removing stm32f10x_tim.o(i.TIM_InternalClockConfig), (12 bytes).
    Removing stm32f10x_tim.o(i.TIM_OC1FastConfig), (18 bytes).
    Removing stm32f10x_tim.o(i.TIM_OC1Init), (152 bytes).
    Removing stm32f10x_tim.o(i.TIM_OC1NPolarityConfig), (18 bytes).
    Removing stm32f10x_tim.o(i.TIM_OC1PolarityConfig), (18 bytes).
    Removing stm32f10x_tim.o(i.TIM_OC1PreloadConfig), (18 bytes).
    Removing stm32f10x_tim.o(i.TIM_OC2FastConfig), (26 bytes).
    Removing stm32f10x_tim.o(i.TIM_OC2Init), (164 bytes).
    Removing stm32f10x_tim.o(i.TIM_OC2NPolarityConfig), (26 bytes).
    Removing stm32f10x_tim.o(i.TIM_OC2PolarityConfig), (26 bytes).
    Removing stm32f10x_tim.o(i.TIM_OC2PreloadConfig), (26 bytes).
    Removing stm32f10x_tim.o(i.TIM_OC3FastConfig), (18 bytes).
    Removing stm32f10x_tim.o(i.TIM_OC3Init), (160 bytes).
    Removing stm32f10x_tim.o(i.TIM_OC3NPolarityConfig), (26 bytes).
    Removing stm32f10x_tim.o(i.TIM_OC3PolarityConfig), (26 bytes).
    Removing stm32f10x_tim.o(i.TIM_OC3PreloadConfig), (18 bytes).
    Removing stm32f10x_tim.o(i.TIM_OC4FastConfig), (26 bytes).
    Removing stm32f10x_tim.o(i.TIM_OC4Init), (124 bytes).
    Removing stm32f10x_tim.o(i.TIM_OC4PolarityConfig), (26 bytes).
    Removing stm32f10x_tim.o(i.TIM_OC4PreloadConfig), (26 bytes).
    Removing stm32f10x_tim.o(i.TIM_OCStructInit), (20 bytes).
    Removing stm32f10x_tim.o(i.TIM_PWMIConfig), (124 bytes).
    Removing stm32f10x_tim.o(i.TIM_PrescalerConfig), (6 bytes).
    Removing stm32f10x_tim.o(i.TIM_SelectCCDMA), (24 bytes).
    Removing stm32f10x_tim.o(i.TIM_SelectCOM), (24 bytes).
    Removing stm32f10x_tim.o(i.TIM_SelectHallSensor), (24 bytes).
    Removing stm32f10x_tim.o(i.TIM_SelectInputTrigger), (18 bytes).
    Removing stm32f10x_tim.o(i.TIM_SelectMasterSlaveMode), (18 bytes).
    Removing stm32f10x_tim.o(i.TIM_SelectOCxM), (82 bytes).
    Removing stm32f10x_tim.o(i.TIM_SelectOnePulseMode), (18 bytes).
    Removing stm32f10x_tim.o(i.TIM_SelectOutputTrigger), (18 bytes).
    Removing stm32f10x_tim.o(i.TIM_SelectSlaveMode), (18 bytes).
    Removing stm32f10x_tim.o(i.TIM_SetAutoreload), (4 bytes).
    Removing stm32f10x_tim.o(i.TIM_SetClockDivision), (18 bytes).
    Removing stm32f10x_tim.o(i.TIM_SetCompare1), (4 bytes).
    Removing stm32f10x_tim.o(i.TIM_SetCompare2), (4 bytes).
    Removing stm32f10x_tim.o(i.TIM_SetCompare3), (4 bytes).
    Removing stm32f10x_tim.o(i.TIM_SetCompare4), (6 bytes).
    Removing stm32f10x_tim.o(i.TIM_SetCounter), (4 bytes).
    Removing stm32f10x_tim.o(i.TIM_SetIC1Prescaler), (18 bytes).
    Removing stm32f10x_tim.o(i.TIM_SetIC2Prescaler), (26 bytes).
    Removing stm32f10x_tim.o(i.TIM_SetIC3Prescaler), (18 bytes).
    Removing stm32f10x_tim.o(i.TIM_SetIC4Prescaler), (26 bytes).
    Removing stm32f10x_tim.o(i.TIM_TIxExternalClockConfig), (62 bytes).
    Removing stm32f10x_tim.o(i.TIM_TimeBaseInit), (164 bytes).
    Removing stm32f10x_tim.o(i.TIM_TimeBaseStructInit), (18 bytes).
    Removing stm32f10x_tim.o(i.TIM_UpdateDisableConfig), (24 bytes).
    Removing stm32f10x_tim.o(i.TIM_UpdateRequestConfig), (24 bytes).
    Removing stm32f10x_usart.o(i.USART_ClearFlag), (18 bytes).
    Removing stm32f10x_usart.o(i.USART_ClearITPendingBit), (30 bytes).
    Removing stm32f10x_usart.o(i.USART_ClockInit), (34 bytes).
    Removing stm32f10x_usart.o(i.USART_ClockStructInit), (12 bytes).
    Removing stm32f10x_usart.o(i.USART_DMACmd), (18 bytes).
    Removing stm32f10x_usart.o(i.USART_DeInit), (156 bytes).
    Removing stm32f10x_usart.o(i.USART_HalfDuplexCmd), (24 bytes).
    Removing stm32f10x_usart.o(i.USART_IrDACmd), (24 bytes).
    Removing stm32f10x_usart.o(i.USART_IrDAConfig), (18 bytes).
    Removing stm32f10x_usart.o(i.USART_LINBreakDetectLengthConfig), (18 bytes).
    Removing stm32f10x_usart.o(i.USART_LINCmd), (24 bytes).
    Removing stm32f10x_usart.o(i.USART_OneBitMethodCmd), (24 bytes).
    Removing stm32f10x_usart.o(i.USART_OverSampling8Cmd), (22 bytes).
    Removing stm32f10x_usart.o(i.USART_ReceiverWakeUpCmd), (24 bytes).
    Removing stm32f10x_usart.o(i.USART_SendBreak), (10 bytes).
    Removing stm32f10x_usart.o(i.USART_SetAddress), (18 bytes).
    Removing stm32f10x_usart.o(i.USART_SetGuardTime), (16 bytes).
    Removing stm32f10x_usart.o(i.USART_SetPrescaler), (16 bytes).
    Removing stm32f10x_usart.o(i.USART_SmartCardCmd), (24 bytes).
    Removing stm32f10x_usart.o(i.USART_SmartCardNACKCmd), (24 bytes).
    Removing stm32f10x_usart.o(i.USART_StructInit), (24 bytes).
    Removing stm32f10x_usart.o(i.USART_WakeUpConfig), (18 bytes).
    Removing stm32f10x_wwdg.o(i.WWDG_ClearFlag), (12 bytes).
    Removing stm32f10x_wwdg.o(i.WWDG_DeInit), (22 bytes).
    Removing stm32f10x_wwdg.o(i.WWDG_Enable), (16 bytes).
    Removing stm32f10x_wwdg.o(i.WWDG_EnableIT), (12 bytes).
    Removing stm32f10x_wwdg.o(i.WWDG_GetFlagStatus), (12 bytes).
    Removing stm32f10x_wwdg.o(i.WWDG_SetCounter), (16 bytes).
    Removing stm32f10x_wwdg.o(i.WWDG_SetPrescaler), (24 bytes).
    Removing stm32f10x_wwdg.o(i.WWDG_SetWindowValue), (40 bytes).
    Removing usart.o(i.UsartInit_DMA), (184 bytes).
    Removing usart.o(i.UsartSendBytes), (64 bytes).
    Removing usart.o(i.UsartSendString), (44 bytes).
    Removing w25q64.o(i.MyRead), (44 bytes).
    Removing w25q64.o(i.MyWrite), (36 bytes).
    Removing w25q64.o(i.W25Q64PageProgram), (80 bytes).
    Removing w25q64.o(i.W25Q64ReadData), (72 bytes).
    Removing dma.o(i.DmaInit), (124 bytes).
    Removing dma.o(i.DmaTransfer), (52 bytes).

468 unused section(s) (total 19000 bytes) removed from the image.

==============================================================================

Image Symbol Table

    Local Symbols

    Symbol Name                              Value     Ov Type        Size  Object(Section)

    ../clib/angel/boardlib.s                 0x00000000   Number         0  boardinit3.o ABSOLUTE
    ../clib/angel/boardlib.s                 0x00000000   Number         0  boardinit2.o ABSOLUTE
    ../clib/angel/boardlib.s                 0x00000000   Number         0  boardinit1.o ABSOLUTE
    ../clib/angel/boardlib.s                 0x00000000   Number         0  boardshut.o ABSOLUTE
    ../clib/angel/handlers.s                 0x00000000   Number         0  __scatter_copy.o ABSOLUTE
    ../clib/angel/handlers.s                 0x00000000   Number         0  __scatter_zi.o ABSOLUTE
    ../clib/angel/kernel.s                   0x00000000   Number         0  __rtentry2.o ABSOLUTE
    ../clib/angel/kernel.s                   0x00000000   Number         0  __rtentry.o ABSOLUTE
    ../clib/angel/kernel.s                   0x00000000   Number         0  rtexit.o ABSOLUTE
    ../clib/angel/kernel.s                   0x00000000   Number         0  rtexit2.o ABSOLUTE
    ../clib/angel/kernel.s                   0x00000000   Number         0  __rtentry4.o ABSOLUTE
    ../clib/angel/rt.s                       0x00000000   Number         0  rt_raise.o ABSOLUTE
    ../clib/angel/rt.s                       0x00000000   Number         0  rt_heap_descriptor.o ABSOLUTE
    ../clib/angel/rt.s                       0x00000000   Number         0  rt_heap_descriptor_intlibspace.o ABSOLUTE
    ../clib/angel/scatter.s                  0x00000000   Number         0  __scatter.o ABSOLUTE
    ../clib/angel/startup.s                  0x00000000   Number         0  __main.o ABSOLUTE
    ../clib/angel/sys.s                      0x00000000   Number         0  sys_stackheap_outer.o ABSOLUTE
    ../clib/angel/sys.s                      0x00000000   Number         0  use_no_semi.o ABSOLUTE
    ../clib/angel/sys.s                      0x00000000   Number         0  libspace.o ABSOLUTE
    ../clib/angel/sys.s                      0x00000000   Number         0  mutex_dummy.o ABSOLUTE
    ../clib/angel/sys.s                      0x00000000   Number         0  indicate_semi.o ABSOLUTE
    ../clib/angel/sysapp.c                   0x00000000   Number         0  sys_command.o ABSOLUTE
    ../clib/angel/sysapp.c                   0x00000000   Number         0  sys_exit.o ABSOLUTE
    ../clib/angel/sysapp.c                   0x00000000   Number         0  sys_wrch.o ABSOLUTE
    ../clib/armsys.c                         0x00000000   Number         0  _get_argv_nomalloc.o ABSOLUTE
    ../clib/armsys.c                         0x00000000   Number         0  argv_veneer.o ABSOLUTE
    ../clib/armsys.c                         0x00000000   Number         0  argv_veneer.o ABSOLUTE
    ../clib/armsys.c                         0x00000000   Number         0  _get_argv.o ABSOLUTE
    ../clib/armsys.c                         0x00000000   Number         0  no_argv.o ABSOLUTE
    ../clib/heap1.c                          0x00000000   Number         0  h1_free_mt.o ABSOLUTE
    ../clib/heap1.c                          0x00000000   Number         0  h1_extend.o ABSOLUTE
    ../clib/heap1.c                          0x00000000   Number         0  h1_alloc_mt.o ABSOLUTE
    ../clib/heap1.c                          0x00000000   Number         0  h1_init_mt.o ABSOLUTE
    ../clib/heap1.c                          0x00000000   Number         0  h1_extend_mt.o ABSOLUTE
    ../clib/heap1.c                          0x00000000   Number         0  h1_free.o ABSOLUTE
    ../clib/heap1.c                          0x00000000   Number         0  h1_init.o ABSOLUTE
    ../clib/heap1.c                          0x00000000   Number         0  h1_final_mt.o ABSOLUTE
    ../clib/heap1.c                          0x00000000   Number         0  h1_final.o ABSOLUTE
    ../clib/heap1.c                          0x00000000   Number         0  h1_alloc.o ABSOLUTE
    ../clib/heap2.c                          0x00000000   Number         0  heap2.o ABSOLUTE
    ../clib/heap2.c                          0x00000000   Number         0  heap2mt.o ABSOLUTE
    ../clib/heap2.c                          0x00000000   Number         0  fdtree.o ABSOLUTE
    ../clib/heapalloc.c                      0x00000000   Number         0  term_alloc.o ABSOLUTE
    ../clib/heapalloc.c                      0x00000000   Number         0  free.o ABSOLUTE
    ../clib/heapalloc.c                      0x00000000   Number         0  init_alloc.o ABSOLUTE
    ../clib/heapalloc.c                      0x00000000   Number         0  heapstubs.o ABSOLUTE
    ../clib/heapalloc.c                      0x00000000   Number         0  maybetermalloc2.o ABSOLUTE
    ../clib/heapalloc.c                      0x00000000   Number         0  hrguard.o ABSOLUTE
    ../clib/heapalloc.c                      0x00000000   Number         0  maybetermalloc2.o ABSOLUTE
    ../clib/heapalloc.c                      0x00000000   Number         0  hguard.o ABSOLUTE
    ../clib/heapalloc.c                      0x00000000   Number         0  malloc.o ABSOLUTE
    ../clib/heapalloc.c                      0x00000000   Number         0  maybetermalloc1.o ABSOLUTE
    ../clib/heapalloc.c                      0x00000000   Number         0  maybetermalloc1.o ABSOLUTE
    ../clib/heapaux.c                        0x00000000   Number         0  heapauxi.o ABSOLUTE
    ../clib/heapaux.c                        0x00000000   Number         0  heapauxa.o ABSOLUTE
    ../clib/libinit.s                        0x00000000   Number         0  libshutdown.o ABSOLUTE
    ../clib/libinit.s                        0x00000000   Number         0  libinit2.o ABSOLUTE
    ../clib/libinit.s                        0x00000000   Number         0  libshutdown2.o ABSOLUTE
    ../clib/libinit.s                        0x00000000   Number         0  libinit.o ABSOLUTE
    ../clib/memcpset.s                       0x00000000   Number         0  rt_memcpy_w.o ABSOLUTE
    ../clib/signal.c                         0x00000000   Number         0  defsig_pvfn_inner.o ABSOLUTE
    ../clib/signal.c                         0x00000000   Number         0  defsig_stak_inner.o ABSOLUTE
    ../clib/signal.c                         0x00000000   Number         0  defsig_rtred_inner.o ABSOLUTE
    ../clib/signal.c                         0x00000000   Number         0  defsig_abrt_inner.o ABSOLUTE
    ../clib/signal.c                         0x00000000   Number         0  defsig_rtmem_formal.o ABSOLUTE
    ../clib/signal.c                         0x00000000   Number         0  defsig_general.o ABSOLUTE
    ../clib/signal.c                         0x00000000   Number         0  __raise.o ABSOLUTE
    ../clib/signal.c                         0x00000000   Number         0  defsig_rtmem_inner.o ABSOLUTE
    ../clib/signal.c                         0x00000000   Number         0  defsig_rtmem_outer.o ABSOLUTE
    ../clib/signal.c                         0x00000000   Number         0  defsig_exit.o ABSOLUTE
    ../clib/signal.c                         0x00000000   Number         0  defsig_other.o ABSOLUTE
    ../clib/signal.c                         0x00000000   Number         0  defsig_segv_inner.o ABSOLUTE
    ../clib/signal.c                         0x00000000   Number         0  defsig_cppl_inner.o ABSOLUTE
    ../clib/signal.c                         0x00000000   Number         0  defsig_fpe_inner.o ABSOLUTE
    ../clib/signal.s                         0x00000000   Number         0  defsig.o ABSOLUTE
    ../clib/stdlib.c                         0x00000000   Number         0  exit.o ABSOLUTE
    ../fplib/fpinit.s                        0x00000000   Number         0  fpinit.o ABSOLUTE
    DMA\dma.c                                0x00000000   Number         0  dma.o ABSOLUTE
    Library\misc.c                           0x00000000   Number         0  misc.o ABSOLUTE
    Library\stm32f10x_adc.c                  0x00000000   Number         0  stm32f10x_adc.o ABSOLUTE
    Library\stm32f10x_bkp.c                  0x00000000   Number         0  stm32f10x_bkp.o ABSOLUTE
    Library\stm32f10x_can.c                  0x00000000   Number         0  stm32f10x_can.o ABSOLUTE
    Library\stm32f10x_cec.c                  0x00000000   Number         0  stm32f10x_cec.o ABSOLUTE
    Library\stm32f10x_crc.c                  0x00000000   Number         0  stm32f10x_crc.o ABSOLUTE
    Library\stm32f10x_dac.c                  0x00000000   Number         0  stm32f10x_dac.o ABSOLUTE
    Library\stm32f10x_dbgmcu.c               0x00000000   Number         0  stm32f10x_dbgmcu.o ABSOLUTE
    Library\stm32f10x_dma.c                  0x00000000   Number         0  stm32f10x_dma.o ABSOLUTE
    Library\stm32f10x_exti.c                 0x00000000   Number         0  stm32f10x_exti.o ABSOLUTE
    Library\stm32f10x_flash.c                0x00000000   Number         0  stm32f10x_flash.o ABSOLUTE
    Library\stm32f10x_fsmc.c                 0x00000000   Number         0  stm32f10x_fsmc.o ABSOLUTE
    Library\stm32f10x_gpio.c                 0x00000000   Number         0  stm32f10x_gpio.o ABSOLUTE
    Library\stm32f10x_i2c.c                  0x00000000   Number         0  stm32f10x_i2c.o ABSOLUTE
    Library\stm32f10x_iwdg.c                 0x00000000   Number         0  stm32f10x_iwdg.o ABSOLUTE
    Library\stm32f10x_pwr.c                  0x00000000   Number         0  stm32f10x_pwr.o ABSOLUTE
    Library\stm32f10x_rcc.c                  0x00000000   Number         0  stm32f10x_rcc.o ABSOLUTE
    Library\stm32f10x_rtc.c                  0x00000000   Number         0  stm32f10x_rtc.o ABSOLUTE
    Library\stm32f10x_sdio.c                 0x00000000   Number         0  stm32f10x_sdio.o ABSOLUTE
    Library\stm32f10x_spi.c                  0x00000000   Number         0  stm32f10x_spi.o ABSOLUTE
    Library\stm32f10x_tim.c                  0x00000000   Number         0  stm32f10x_tim.o ABSOLUTE
    Library\stm32f10x_usart.c                0x00000000   Number         0  stm32f10x_usart.o ABSOLUTE
    Library\stm32f10x_wwdg.c                 0x00000000   Number         0  stm32f10x_wwdg.o ABSOLUTE
    Start\startup_stm32f10x_md.s             0x00000000   Number         0  startup_stm32f10x_md.o ABSOLUTE
    USART\usart.c                            0x00000000   Number         0  usart.o ABSOLUTE
    User\main.c                              0x00000000   Number         0  main.o ABSOLUTE
    W25Q64\W25Q64.c                          0x00000000   Number         0  w25q64.o ABSOLUTE
    dc.s                                     0x00000000   Number         0  dc.o ABSOLUTE
    mylib\MPU6050.c                          0x00000000   Number         0  mpu6050.o ABSOLUTE
    mylib\MyI2C.c                            0x00000000   Number         0  myi2c.o ABSOLUTE
    mylib\bluetooth.c                        0x00000000   Number         0  bluetooth.o ABSOLUTE
    mylib\inter.c                            0x00000000   Number         0  inter.o ABSOLUTE
    mylib\keyborad.c                         0x00000000   Number         0  keyborad.o ABSOLUTE
    mylib\mainwindow.c                       0x00000000   Number         0  mainwindow.o ABSOLUTE
    mylib\oled.c                             0x00000000   Number         0  oled.o ABSOLUTE
    mylib\queue.c                            0x00000000   Number         0  queue.o ABSOLUTE
    mylib\systick.c                          0x00000000   Number         0  systick.o ABSOLUTE
    RESET                                    0x08000000   Section      236  startup_stm32f10x_md.o(RESET)
    !!!main                                  0x080000ec   Section        8  __main.o(!!!main)
    !!!scatter                               0x080000f4   Section       52  __scatter.o(!!!scatter)
    !!handler_copy                           0x08000128   Section       26  __scatter_copy.o(!!handler_copy)
    !!handler_zi                             0x08000144   Section       28  __scatter_zi.o(!!handler_zi)
    .ARM.Collect$$libinit$$00000000          0x08000160   Section        2  libinit.o(.ARM.Collect$$libinit$$00000000)
    .ARM.Collect$$libinit$$00000002          0x08000162   Section        0  libinit2.o(.ARM.Collect$$libinit$$00000002)
    .ARM.Collect$$libinit$$00000004          0x08000162   Section        0  libinit2.o(.ARM.Collect$$libinit$$00000004)
    .ARM.Collect$$libinit$$00000005          0x08000162   Section        8  libinit2.o(.ARM.Collect$$libinit$$00000005)
    .ARM.Collect$$libinit$$0000000A          0x0800016a   Section        0  libinit2.o(.ARM.Collect$$libinit$$0000000A)
    .ARM.Collect$$libinit$$0000000C          0x0800016a   Section        0  libinit2.o(.ARM.Collect$$libinit$$0000000C)
    .ARM.Collect$$libinit$$0000000E          0x0800016a   Section        0  libinit2.o(.ARM.Collect$$libinit$$0000000E)
    .ARM.Collect$$libinit$$00000011          0x0800016a   Section        0  libinit2.o(.ARM.Collect$$libinit$$00000011)
    .ARM.Collect$$libinit$$00000013          0x0800016a   Section        0  libinit2.o(.ARM.Collect$$libinit$$00000013)
    .ARM.Collect$$libinit$$00000015          0x0800016a   Section        0  libinit2.o(.ARM.Collect$$libinit$$00000015)
    .ARM.Collect$$libinit$$00000017          0x0800016a   Section        0  libinit2.o(.ARM.Collect$$libinit$$00000017)
    .ARM.Collect$$libinit$$00000019          0x0800016a   Section        0  libinit2.o(.ARM.Collect$$libinit$$00000019)
    .ARM.Collect$$libinit$$0000001B          0x0800016a   Section        0  libinit2.o(.ARM.Collect$$libinit$$0000001B)
    .ARM.Collect$$libinit$$0000001D          0x0800016a   Section        0  libinit2.o(.ARM.Collect$$libinit$$0000001D)
    .ARM.Collect$$libinit$$0000001F          0x0800016a   Section        0  libinit2.o(.ARM.Collect$$libinit$$0000001F)
    .ARM.Collect$$libinit$$00000021          0x0800016a   Section        0  libinit2.o(.ARM.Collect$$libinit$$00000021)
    .ARM.Collect$$libinit$$00000023          0x0800016a   Section        0  libinit2.o(.ARM.Collect$$libinit$$00000023)
    .ARM.Collect$$libinit$$00000025          0x0800016a   Section        0  libinit2.o(.ARM.Collect$$libinit$$00000025)
    .ARM.Collect$$libinit$$0000002C          0x0800016a   Section        0  libinit2.o(.ARM.Collect$$libinit$$0000002C)
    .ARM.Collect$$libinit$$0000002E          0x0800016a   Section        0  libinit2.o(.ARM.Collect$$libinit$$0000002E)
    .ARM.Collect$$libinit$$00000030          0x0800016a   Section        0  libinit2.o(.ARM.Collect$$libinit$$00000030)
    .ARM.Collect$$libinit$$00000032          0x0800016a   Section        0  libinit2.o(.ARM.Collect$$libinit$$00000032)
    .ARM.Collect$$libinit$$00000033          0x0800016a   Section        2  libinit2.o(.ARM.Collect$$libinit$$00000033)
    .ARM.Collect$$libshutdown$$00000000      0x0800016c   Section        2  libshutdown.o(.ARM.Collect$$libshutdown$$00000000)
    .ARM.Collect$$libshutdown$$00000002      0x0800016e   Section        0  libshutdown2.o(.ARM.Collect$$libshutdown$$00000002)
    .ARM.Collect$$libshutdown$$00000004      0x0800016e   Section        0  libshutdown2.o(.ARM.Collect$$libshutdown$$00000004)
    .ARM.Collect$$libshutdown$$00000007      0x0800016e   Section        0  libshutdown2.o(.ARM.Collect$$libshutdown$$00000007)
    .ARM.Collect$$libshutdown$$0000000A      0x0800016e   Section        0  libshutdown2.o(.ARM.Collect$$libshutdown$$0000000A)
    .ARM.Collect$$libshutdown$$0000000C      0x0800016e   Section        0  libshutdown2.o(.ARM.Collect$$libshutdown$$0000000C)
    .ARM.Collect$$libshutdown$$0000000F      0x0800016e   Section        0  libshutdown2.o(.ARM.Collect$$libshutdown$$0000000F)
    .ARM.Collect$$libshutdown$$00000010      0x0800016e   Section        2  libshutdown2.o(.ARM.Collect$$libshutdown$$00000010)
    .ARM.Collect$$rtentry$$00000000          0x08000170   Section        0  __rtentry.o(.ARM.Collect$$rtentry$$00000000)
    .ARM.Collect$$rtentry$$00000002          0x08000170   Section        0  __rtentry2.o(.ARM.Collect$$rtentry$$00000002)
    .ARM.Collect$$rtentry$$00000004          0x08000170   Section        6  __rtentry4.o(.ARM.Collect$$rtentry$$00000004)
    .ARM.Collect$$rtentry$$00000009          0x08000176   Section        0  __rtentry2.o(.ARM.Collect$$rtentry$$00000009)
    .ARM.Collect$$rtentry$$0000000A          0x08000176   Section        4  __rtentry2.o(.ARM.Collect$$rtentry$$0000000A)
    .ARM.Collect$$rtentry$$0000000C          0x0800017a   Section        0  __rtentry2.o(.ARM.Collect$$rtentry$$0000000C)
    .ARM.Collect$$rtentry$$0000000D          0x0800017a   Section        8  __rtentry2.o(.ARM.Collect$$rtentry$$0000000D)
    .ARM.Collect$$rtexit$$00000000           0x08000182   Section        2  rtexit.o(.ARM.Collect$$rtexit$$00000000)
    .ARM.Collect$$rtexit$$00000002           0x08000184   Section        0  rtexit2.o(.ARM.Collect$$rtexit$$00000002)
    .ARM.Collect$$rtexit$$00000003           0x08000184   Section        4  rtexit2.o(.ARM.Collect$$rtexit$$00000003)
    .ARM.Collect$$rtexit$$00000004           0x08000188   Section        6  rtexit2.o(.ARM.Collect$$rtexit$$00000004)
    .emb_text                                0x08000190   Section        0  maybetermalloc1.o(.emb_text)
    .text                                    0x08000190   Section       64  startup_stm32f10x_md.o(.text)
    .text                                    0x080001d0   Section        0  h1_alloc.o(.text)
    .text                                    0x0800022e   Section        0  h1_free.o(.text)
    .text                                    0x0800027c   Section        0  heapauxi.o(.text)
    .text                                    0x08000284   Section        8  rt_heap_descriptor_intlibspace.o(.text)
    .text                                    0x0800028c   Section        0  hguard.o(.text)
    .text                                    0x08000290   Section        0  init_alloc.o(.text)
    .text                                    0x0800031a   Section        0  h1_init.o(.text)
    .text                                    0x08000328   Section        8  libspace.o(.text)
    .text                                    0x08000330   Section        0  h1_extend.o(.text)
    .text                                    0x08000364   Section        0  defsig_rtmem_outer.o(.text)
    .text                                    0x08000372   Section        2  use_no_semi.o(.text)
    .text                                    0x08000374   Section       74  sys_stackheap_outer.o(.text)
    .text                                    0x08000374   Section        0  indicate_semi.o(.text)
    .text                                    0x080003be   Section        0  exit.o(.text)
    .text                                    0x080003d0   Section        0  defsig_exit.o(.text)
    .text                                    0x080003dc   Section        0  defsig_rtmem_inner.o(.text)
    .text                                    0x0800042c   Section        0  sys_exit.o(.text)
    .text                                    0x08000438   Section        0  defsig_general.o(.text)
    .text                                    0x0800046a   Section        0  sys_wrch.o(.text)
    i.AppChoose                              0x08000478   Section        0  mainwindow.o(i.AppChoose)
    i.AppShow                                0x080005b4   Section        0  mainwindow.o(i.AppShow)
    i.ClockShow                              0x08000610   Section        0  mainwindow.o(i.ClockShow)
    i.CountdownTimer                         0x08000748   Section        0  mainwindow.o(i.CountdownTimer)
    i.CreatQueue                             0x08000a0c   Section        0  queue.o(i.CreatQueue)
    i.DMA1_Channel5_IRQHandler               0x08000a28   Section        0  dma.o(i.DMA1_Channel5_IRQHandler)
    i.DMA_GetITStatus                        0x08000a34   Section        0  stm32f10x_dma.o(i.DMA_GetITStatus)
    i.DateCalculate                          0x08000a60   Section        0  systick.o(i.DateCalculate)
    i.DelayUs                                0x08000d20   Section        0  systick.o(i.DelayUs)
    i.EXTI0_IRQHandler                       0x08000d38   Section        0  inter.o(i.EXTI0_IRQHandler)
    i.EXTI1_IRQHandler                       0x08000d54   Section        0  inter.o(i.EXTI1_IRQHandler)
    i.EXTI2_IRQHandler                       0x08000d70   Section        0  inter.o(i.EXTI2_IRQHandler)
    i.EXTI4_IRQHandler                       0x08000d8c   Section        0  inter.o(i.EXTI4_IRQHandler)
    i.EXTI9_5_IRQHandler                     0x08000da8   Section        0  inter.o(i.EXTI9_5_IRQHandler)
    i.EXTI_ClearITPendingBit                 0x08000de4   Section        0  stm32f10x_exti.o(i.EXTI_ClearITPendingBit)
    i.EXTI_GetITStatus                       0x08000df0   Section        0  stm32f10x_exti.o(i.EXTI_GetITStatus)
    i.EXTI_Init                              0x08000e18   Section        0  stm32f10x_exti.o(i.EXTI_Init)
    i.GPIO_EXTILineConfig                    0x08000eac   Section        0  stm32f10x_gpio.o(i.GPIO_EXTILineConfig)
    i.GPIO_Init                              0x08000eec   Section        0  stm32f10x_gpio.o(i.GPIO_Init)
    i.GPIO_ReadInputDataBit                  0x08001002   Section        0  stm32f10x_gpio.o(i.GPIO_ReadInputDataBit)
    i.GPIO_SetBits                           0x08001014   Section        0  stm32f10x_gpio.o(i.GPIO_SetBits)
    i.GPIO_WriteBit                          0x08001018   Section        0  stm32f10x_gpio.o(i.GPIO_WriteBit)
    i.IicSendByte                            0x08001024   Section        0  oled.o(i.IicSendByte)
    i.JdyInit                                0x0800109c   Section        0  usart.o(i.JdyInit)
    i.KeyBoradInit2                          0x080010b0   Section        0  keyborad.o(i.KeyBoradInit2)
    i.MPU6050_ReadReg                        0x080011ac   Section        0  mpu6050.o(i.MPU6050_ReadReg)
    i.MPU6050_WriteReg                       0x080011ea   Section        0  mpu6050.o(i.MPU6050_WriteReg)
    i.MPUInit                                0x08001218   Section        0  mpu6050.o(i.MPUInit)
    i.MPUInteruput_Init                      0x08001254   Section        0  mpu6050.o(i.MPUInteruput_Init)
    i.Mp3Switch                              0x080012c4   Section        0  mainwindow.o(i.Mp3Switch)
    i.MyI2C_Init                             0x08001324   Section        0  myi2c.o(i.MyI2C_Init)
    i.MyI2C_R_SDA                            0x08001358   Section        0  myi2c.o(i.MyI2C_R_SDA)
    i.MyI2C_ReceiveAck                       0x08001380   Section        0  myi2c.o(i.MyI2C_ReceiveAck)
    i.MyI2C_ReceiveByte                      0x0800139e   Section        0  myi2c.o(i.MyI2C_ReceiveByte)
    i.MyI2C_SendAck                          0x080013d2   Section        0  myi2c.o(i.MyI2C_SendAck)
    i.MyI2C_SendByte                         0x080013ea   Section        0  myi2c.o(i.MyI2C_SendByte)
    i.MyI2C_Start                            0x08001414   Section        0  myi2c.o(i.MyI2C_Start)
    i.MyI2C_Stop                             0x08001430   Section        0  myi2c.o(i.MyI2C_Stop)
    i.MyI2C_W_SCL                            0x08001448   Section        0  myi2c.o(i.MyI2C_W_SCL)
    i.MyI2C_W_SDA                            0x08001470   Section        0  myi2c.o(i.MyI2C_W_SDA)
    i.NVIC_Init                              0x08001498   Section        0  misc.o(i.NVIC_Init)
    i.NVIC_PriorityGroupConfig               0x08001508   Section        0  misc.o(i.NVIC_PriorityGroupConfig)
    i.OLED_Pow                               0x0800151c   Section        0  oled.o(i.OLED_Pow)
    i.OledClear                              0x08001530   Section        0  oled.o(i.OledClear)
    i.OledSetCursor                          0x0800155a   Section        0  oled.o(i.OledSetCursor)
    i.OledShowCOLON                          0x0800157c   Section        0  oled.o(i.OledShowCOLON)
    i.OledShowChar                           0x080015c0   Section        0  oled.o(i.OledShowChar)
    i.OledShowCharNo                         0x08001630   Section        0  oled.o(i.OledShowCharNo)
    i.OledShowHexNum                         0x080016a8   Section        0  oled.o(i.OledShowHexNum)
    i.OledShowNUM                            0x080016fc   Section        0  oled.o(i.OledShowNUM)
    i.OledShowNUMNo                          0x08001740   Section        0  oled.o(i.OledShowNUMNo)
    i.OledShowNum                            0x08001788   Section        0  oled.o(i.OledShowNum)
    i.OledShowString                         0x080017cc   Section        0  oled.o(i.OledShowString)
    i.OledShowStringNo                       0x080017f0   Section        0  oled.o(i.OledShowStringNo)
    i.OledWriteCommand                       0x08001814   Section        0  oled.o(i.OledWriteCommand)
    i.OledWriteData                          0x0800187c   Section        0  oled.o(i.OledWriteData)
    i.Oled_Init                              0x080018e4   Section        0  oled.o(i.Oled_Init)
    i.QueuePop                               0x080019b0   Section        0  queue.o(i.QueuePop)
    i.RCC_APB1PeriphClockCmd                 0x080019d8   Section        0  stm32f10x_rcc.o(i.RCC_APB1PeriphClockCmd)
    i.RCC_APB2PeriphClockCmd                 0x080019f8   Section        0  stm32f10x_rcc.o(i.RCC_APB2PeriphClockCmd)
    i.RCC_GetClocksFreq                      0x08001a18   Section        0  stm32f10x_rcc.o(i.RCC_GetClocksFreq)
    i.SPI_Cmd                                0x08001aec   Section        0  stm32f10x_spi.o(i.SPI_Cmd)
    i.SPI_I2S_GetFlagStatus                  0x08001b04   Section        0  stm32f10x_spi.o(i.SPI_I2S_GetFlagStatus)
    i.SPI_I2S_ReceiveData                    0x08001b16   Section        0  stm32f10x_spi.o(i.SPI_I2S_ReceiveData)
    i.SPI_I2S_SendData                       0x08001b1c   Section        0  stm32f10x_spi.o(i.SPI_I2S_SendData)
    i.SPI_Init                               0x08001b20   Section        0  stm32f10x_spi.o(i.SPI_Init)
    i.SpiChose                               0x08001b5c   Section        0  w25q64.o(i.SpiChose)
    i.SpiInit                                0x08001b74   Section        0  w25q64.o(i.SpiInit)
    i.SpiSwapByte                            0x08001c24   Section        0  w25q64.o(i.SpiSwapByte)
    i.StateClear                             0x08001c5c   Section        0  inter.o(i.StateClear)
    i.StateRead                              0x08001c70   Section        0  inter.o(i.StateRead)
    i.StepNum                                0x08001c84   Section        0  mainwindow.o(i.StepNum)
    i.Storage                                0x08001cd0   Section        0  mainwindow.o(i.Storage)
    i.SysTickInit                            0x08001d90   Section        0  systick.o(i.SysTickInit)
    i.SysTick_Handler                        0x08001db0   Section        0  main.o(i.SysTick_Handler)
    i.SystemInit                             0x08001e10   Section        0  main.o(i.SystemInit)
    i.Timer                                  0x08001e5c   Section        0  mainwindow.o(i.Timer)
    i.USART1_IRQHandler                      0x08001f60   Section        0  usart.o(i.USART1_IRQHandler)
    i.USART_Cmd                              0x08001fac   Section        0  stm32f10x_usart.o(i.USART_Cmd)
    i.USART_GetFlagStatus                    0x08001fc4   Section        0  stm32f10x_usart.o(i.USART_GetFlagStatus)
    i.USART_GetITStatus                      0x08001fde   Section        0  stm32f10x_usart.o(i.USART_GetITStatus)
    i.USART_ITConfig                         0x08002032   Section        0  stm32f10x_usart.o(i.USART_ITConfig)
    i.USART_Init                             0x0800207c   Section        0  stm32f10x_usart.o(i.USART_Init)
    i.USART_ReceiveData                      0x08002154   Section        0  stm32f10x_usart.o(i.USART_ReceiveData)
    i.USART_SendData                         0x0800215e   Section        0  stm32f10x_usart.o(i.USART_SendData)
    i.UsartInit                              0x08002168   Section        0  usart.o(i.UsartInit)
    i.UsartSendByte                          0x08002214   Section        0  usart.o(i.UsartSendByte)
    i.W25Q64ReadID                           0x08002234   Section        0  w25q64.o(i.W25Q64ReadID)
    i.W25Q64SectorErase                      0x08002276   Section        0  w25q64.o(i.W25Q64SectorErase)
    i.W25Q64WaitBusy                         0x080022ac   Section        0  w25q64.o(i.W25Q64WaitBusy)
    i.W25Q64WriteEnable                      0x080022e0   Section        0  w25q64.o(i.W25Q64WriteEnable)
    i.WriteBuf                               0x080022f8   Section        0  queue.o(i.WriteBuf)
    i.main                                   0x08002328   Section        0  main.o(i.main)
    .constdata                               0x08002378   Section     2132  oled.o(.constdata)
    .data                                    0x20000000   Section       26  main.o(.data)
    .data                                    0x2000001a   Section       80  mainwindow.o(.data)
    .data                                    0x2000006a   Section        2  inter.o(.data)
    .data                                    0x2000006c   Section        6  queue.o(.data)
    .data                                    0x20000072   Section       20  stm32f10x_rcc.o(.data)
    APBAHBPrescTable                         0x20000072   Data          16  stm32f10x_rcc.o(.data)
    ADCPrescTable                            0x20000082   Data           4  stm32f10x_rcc.o(.data)
    .data                                    0x20000088   Section        6  usart.o(.data)
    .bss                                     0x20000090   Section       96  libspace.o(.bss)
    HEAP                                     0x200000f0   Section      512  startup_stm32f10x_md.o(HEAP)
    Heap_Mem                                 0x200000f0   Data         512  startup_stm32f10x_md.o(HEAP)
    STACK                                    0x200002f0   Section     1024  startup_stm32f10x_md.o(STACK)
    Stack_Mem                                0x200002f0   Data        1024  startup_stm32f10x_md.o(STACK)
    __initial_sp                             0x200006f0   Data           0  startup_stm32f10x_md.o(STACK)

    Global Symbols

    Symbol Name                              Value     Ov Type        Size  Object(Section)

    BuildAttributes$$THM_ISAv4$P$D$K$B$S$PE$A:L22UL41UL21$X:L11$S22US41US21$IEEE1$IW$USESV6$~STKCKD$USESV7$~SHL$OTIME$ROPI$EBA8$UX$STANDARDLIB$REQ8$PRES8$EABIv2 0x00000000   Number         0  anon$$obj.o ABSOLUTE
    __ARM_use_no_argv                        0x00000000   Number         0  main.o ABSOLUTE
    __ARM_exceptions_init                     - Undefined Weak Reference
    __alloca_initialize                       - Undefined Weak Reference
    __arm_preinit_                            - Undefined Weak Reference
    __cpp_initialize__aeabi_                  - Undefined Weak Reference
    __cxa_finalize                            - Undefined Weak Reference
    __rt_locale                               - Undefined Weak Reference
    __sigvec_lookup                           - Undefined Weak Reference
    __user_heap_extent                        - Undefined Weak Reference
    _atexit_init                              - Undefined Weak Reference
    _call_atexit_fns                          - Undefined Weak Reference
    _clock_init                               - Undefined Weak Reference
    _fp_trap_init                             - Undefined Weak Reference
    _fp_trap_shutdown                         - Undefined Weak Reference
    _get_lc_collate                           - Undefined Weak Reference
    _get_lc_ctype                             - Undefined Weak Reference
    _get_lc_monetary                          - Undefined Weak Reference
    _get_lc_numeric                           - Undefined Weak Reference
    _get_lc_time                              - Undefined Weak Reference
    _getenv_init                              - Undefined Weak Reference
    _handle_redirection                       - Undefined Weak Reference
    _initio                                   - Undefined Weak Reference
    _mutex_acquire                            - Undefined Weak Reference
    _mutex_free                               - Undefined Weak Reference
    _mutex_release                            - Undefined Weak Reference
    _rand_init                                - Undefined Weak Reference
    _signal_finish                            - Undefined Weak Reference
    _signal_init                              - Undefined Weak Reference
    _terminateio                              - Undefined Weak Reference
    __Vectors_Size                           0x000000ec   Number         0  startup_stm32f10x_md.o ABSOLUTE
    __Vectors                                0x08000000   Data           4  startup_stm32f10x_md.o(RESET)
    __Vectors_End                            0x080000ec   Data           0  startup_stm32f10x_md.o(RESET)
    __main                                   0x080000ed   Thumb Code     8  __main.o(!!!main)
    __scatterload                            0x080000f5   Thumb Code     0  __scatter.o(!!!scatter)
    __scatterload_rt2                        0x080000f5   Thumb Code    44  __scatter.o(!!!scatter)
    __scatterload_rt2_thumb_only             0x080000f5   Thumb Code     0  __scatter.o(!!!scatter)
    __scatterload_null                       0x08000103   Thumb Code     0  __scatter.o(!!!scatter)
    __scatterload_copy                       0x08000129   Thumb Code    26  __scatter_copy.o(!!handler_copy)
    __scatterload_zeroinit                   0x08000145   Thumb Code    28  __scatter_zi.o(!!handler_zi)
    __rt_lib_init                            0x08000161   Thumb Code     0  libinit.o(.ARM.Collect$$libinit$$00000000)
    __rt_lib_init_fp_1                       0x08000163   Thumb Code     0  libinit2.o(.ARM.Collect$$libinit$$00000002)
    __rt_lib_init_heap_2                     0x08000163   Thumb Code     0  libinit2.o(.ARM.Collect$$libinit$$00000005)
    __rt_lib_init_preinit_1                  0x08000163   Thumb Code     0  libinit2.o(.ARM.Collect$$libinit$$00000004)
    __rt_lib_init_alloca_1                   0x0800016b   Thumb Code     0  libinit2.o(.ARM.Collect$$libinit$$0000002E)
    __rt_lib_init_argv_1                     0x0800016b   Thumb Code     0  libinit2.o(.ARM.Collect$$libinit$$0000002C)
    __rt_lib_init_atexit_1                   0x0800016b   Thumb Code     0  libinit2.o(.ARM.Collect$$libinit$$0000001B)
    __rt_lib_init_clock_1                    0x0800016b   Thumb Code     0  libinit2.o(.ARM.Collect$$libinit$$00000021)
    __rt_lib_init_cpp_1                      0x0800016b   Thumb Code     0  libinit2.o(.ARM.Collect$$libinit$$00000032)
    __rt_lib_init_exceptions_1               0x0800016b   Thumb Code     0  libinit2.o(.ARM.Collect$$libinit$$00000030)
    __rt_lib_init_fp_trap_1                  0x0800016b   Thumb Code     0  libinit2.o(.ARM.Collect$$libinit$$0000001F)
    __rt_lib_init_getenv_1                   0x0800016b   Thumb Code     0  libinit2.o(.ARM.Collect$$libinit$$00000023)
    __rt_lib_init_heap_1                     0x0800016b   Thumb Code     0  libinit2.o(.ARM.Collect$$libinit$$0000000A)
    __rt_lib_init_lc_collate_1               0x0800016b   Thumb Code     0  libinit2.o(.ARM.Collect$$libinit$$00000011)
    __rt_lib_init_lc_ctype_1                 0x0800016b   Thumb Code     0  libinit2.o(.ARM.Collect$$libinit$$00000013)
    __rt_lib_init_lc_monetary_1              0x0800016b   Thumb Code     0  libinit2.o(.ARM.Collect$$libinit$$00000015)
    __rt_lib_init_lc_numeric_1               0x0800016b   Thumb Code     0  libinit2.o(.ARM.Collect$$libinit$$00000017)
    __rt_lib_init_lc_time_1                  0x0800016b   Thumb Code     0  libinit2.o(.ARM.Collect$$libinit$$00000019)
    __rt_lib_init_rand_1                     0x0800016b   Thumb Code     0  libinit2.o(.ARM.Collect$$libinit$$0000000E)
    __rt_lib_init_return                     0x0800016b   Thumb Code     0  libinit2.o(.ARM.Collect$$libinit$$00000033)
    __rt_lib_init_signal_1                   0x0800016b   Thumb Code     0  libinit2.o(.ARM.Collect$$libinit$$0000001D)
    __rt_lib_init_stdio_1                    0x0800016b   Thumb Code     0  libinit2.o(.ARM.Collect$$libinit$$00000025)
    __rt_lib_init_user_alloc_1               0x0800016b   Thumb Code     0  libinit2.o(.ARM.Collect$$libinit$$0000000C)
    __rt_lib_shutdown                        0x0800016d   Thumb Code     0  libshutdown.o(.ARM.Collect$$libshutdown$$00000000)
    __rt_lib_shutdown_cpp_1                  0x0800016f   Thumb Code     0  libshutdown2.o(.ARM.Collect$$libshutdown$$00000002)
    __rt_lib_shutdown_fp_trap_1              0x0800016f   Thumb Code     0  libshutdown2.o(.ARM.Collect$$libshutdown$$00000007)
    __rt_lib_shutdown_heap_1                 0x0800016f   Thumb Code     0  libshutdown2.o(.ARM.Collect$$libshutdown$$0000000F)
    __rt_lib_shutdown_return                 0x0800016f   Thumb Code     0  libshutdown2.o(.ARM.Collect$$libshutdown$$00000010)
    __rt_lib_shutdown_signal_1               0x0800016f   Thumb Code     0  libshutdown2.o(.ARM.Collect$$libshutdown$$0000000A)
    __rt_lib_shutdown_stdio_1                0x0800016f   Thumb Code     0  libshutdown2.o(.ARM.Collect$$libshutdown$$00000004)
    __rt_lib_shutdown_user_alloc_1           0x0800016f   Thumb Code     0  libshutdown2.o(.ARM.Collect$$libshutdown$$0000000C)
    __rt_entry                               0x08000171   Thumb Code     0  __rtentry.o(.ARM.Collect$$rtentry$$00000000)
    __rt_entry_presh_1                       0x08000171   Thumb Code     0  __rtentry2.o(.ARM.Collect$$rtentry$$00000002)
    __rt_entry_sh                            0x08000171   Thumb Code     0  __rtentry4.o(.ARM.Collect$$rtentry$$00000004)
    __rt_entry_li                            0x08000177   Thumb Code     0  __rtentry2.o(.ARM.Collect$$rtentry$$0000000A)
    __rt_entry_postsh_1                      0x08000177   Thumb Code     0  __rtentry2.o(.ARM.Collect$$rtentry$$00000009)
    __rt_entry_main                          0x0800017b   Thumb Code     0  __rtentry2.o(.ARM.Collect$$rtentry$$0000000D)
    __rt_entry_postli_1                      0x0800017b   Thumb Code     0  __rtentry2.o(.ARM.Collect$$rtentry$$0000000C)
    __rt_exit                                0x08000183   Thumb Code     0  rtexit.o(.ARM.Collect$$rtexit$$00000000)
    __rt_exit_ls                             0x08000185   Thumb Code     0  rtexit2.o(.ARM.Collect$$rtexit$$00000003)
    __rt_exit_prels_1                        0x08000185   Thumb Code     0  rtexit2.o(.ARM.Collect$$rtexit$$00000002)
    __rt_exit_exit                           0x08000189   Thumb Code     0  rtexit2.o(.ARM.Collect$$rtexit$$00000004)
    Reset_Handler                            0x08000191   Thumb Code     8  startup_stm32f10x_md.o(.text)
    _maybe_terminate_alloc                   0x08000191   Thumb Code     0  maybetermalloc1.o(.emb_text)
    NMI_Handler                              0x08000199   Thumb Code     2  startup_stm32f10x_md.o(.text)
    HardFault_Handler                        0x0800019b   Thumb Code     2  startup_stm32f10x_md.o(.text)
    MemManage_Handler                        0x0800019d   Thumb Code     2  startup_stm32f10x_md.o(.text)
    BusFault_Handler                         0x0800019f   Thumb Code     2  startup_stm32f10x_md.o(.text)
    UsageFault_Handler                       0x080001a1   Thumb Code     2  startup_stm32f10x_md.o(.text)
    SVC_Handler                              0x080001a3   Thumb Code     2  startup_stm32f10x_md.o(.text)
    DebugMon_Handler                         0x080001a5   Thumb Code     2  startup_stm32f10x_md.o(.text)
    PendSV_Handler                           0x080001a7   Thumb Code     2  startup_stm32f10x_md.o(.text)
    ADC1_2_IRQHandler                        0x080001ab   Thumb Code     0  startup_stm32f10x_md.o(.text)
    CAN1_RX1_IRQHandler                      0x080001ab   Thumb Code     0  startup_stm32f10x_md.o(.text)
    CAN1_SCE_IRQHandler                      0x080001ab   Thumb Code     0  startup_stm32f10x_md.o(.text)
    DMA1_Channel1_IRQHandler                 0x080001ab   Thumb Code     0  startup_stm32f10x_md.o(.text)
    DMA1_Channel2_IRQHandler                 0x080001ab   Thumb Code     0  startup_stm32f10x_md.o(.text)
    DMA1_Channel3_IRQHandler                 0x080001ab   Thumb Code     0  startup_stm32f10x_md.o(.text)
    DMA1_Channel4_IRQHandler                 0x080001ab   Thumb Code     0  startup_stm32f10x_md.o(.text)
    DMA1_Channel6_IRQHandler                 0x080001ab   Thumb Code     0  startup_stm32f10x_md.o(.text)
    DMA1_Channel7_IRQHandler                 0x080001ab   Thumb Code     0  startup_stm32f10x_md.o(.text)
    EXTI15_10_IRQHandler                     0x080001ab   Thumb Code     0  startup_stm32f10x_md.o(.text)
    EXTI3_IRQHandler                         0x080001ab   Thumb Code     0  startup_stm32f10x_md.o(.text)
    FLASH_IRQHandler                         0x080001ab   Thumb Code     0  startup_stm32f10x_md.o(.text)
    I2C1_ER_IRQHandler                       0x080001ab   Thumb Code     0  startup_stm32f10x_md.o(.text)
    I2C1_EV_IRQHandler                       0x080001ab   Thumb Code     0  startup_stm32f10x_md.o(.text)
    I2C2_ER_IRQHandler                       0x080001ab   Thumb Code     0  startup_stm32f10x_md.o(.text)
    I2C2_EV_IRQHandler                       0x080001ab   Thumb Code     0  startup_stm32f10x_md.o(.text)
    PVD_IRQHandler                           0x080001ab   Thumb Code     0  startup_stm32f10x_md.o(.text)
    RCC_IRQHandler                           0x080001ab   Thumb Code     0  startup_stm32f10x_md.o(.text)
    RTCAlarm_IRQHandler                      0x080001ab   Thumb Code     0  startup_stm32f10x_md.o(.text)
    RTC_IRQHandler                           0x080001ab   Thumb Code     0  startup_stm32f10x_md.o(.text)
    SPI1_IRQHandler                          0x080001ab   Thumb Code     0  startup_stm32f10x_md.o(.text)
    SPI2_IRQHandler                          0x080001ab   Thumb Code     0  startup_stm32f10x_md.o(.text)
    TAMPER_IRQHandler                        0x080001ab   Thumb Code     0  startup_stm32f10x_md.o(.text)
    TIM1_BRK_IRQHandler                      0x080001ab   Thumb Code     0  startup_stm32f10x_md.o(.text)
    TIM1_CC_IRQHandler                       0x080001ab   Thumb Code     0  startup_stm32f10x_md.o(.text)
    TIM1_TRG_COM_IRQHandler                  0x080001ab   Thumb Code     0  startup_stm32f10x_md.o(.text)
    TIM1_UP_IRQHandler                       0x080001ab   Thumb Code     0  startup_stm32f10x_md.o(.text)
    TIM2_IRQHandler                          0x080001ab   Thumb Code     0  startup_stm32f10x_md.o(.text)
    TIM3_IRQHandler                          0x080001ab   Thumb Code     0  startup_stm32f10x_md.o(.text)
    TIM4_IRQHandler                          0x080001ab   Thumb Code     0  startup_stm32f10x_md.o(.text)
    USART2_IRQHandler                        0x080001ab   Thumb Code     0  startup_stm32f10x_md.o(.text)
    USART3_IRQHandler                        0x080001ab   Thumb Code     0  startup_stm32f10x_md.o(.text)
    USBWakeUp_IRQHandler                     0x080001ab   Thumb Code     0  startup_stm32f10x_md.o(.text)
    USB_HP_CAN1_TX_IRQHandler                0x080001ab   Thumb Code     0  startup_stm32f10x_md.o(.text)
    USB_LP_CAN1_RX0_IRQHandler               0x080001ab   Thumb Code     0  startup_stm32f10x_md.o(.text)
    WWDG_IRQHandler                          0x080001ab   Thumb Code     0  startup_stm32f10x_md.o(.text)
    __user_initial_stackheap                 0x080001ad   Thumb Code     0  startup_stm32f10x_md.o(.text)
    malloc                                   0x080001d1   Thumb Code    94  h1_alloc.o(.text)
    free                                     0x0800022f   Thumb Code    78  h1_free.o(.text)
    __use_two_region_memory                  0x0800027d   Thumb Code     2  heapauxi.o(.text)
    __rt_heap_escrow                         0x0800027f   Thumb Code     2  heapauxi.o(.text)
    __rt_heap_expand                         0x08000281   Thumb Code     2  heapauxi.o(.text)
    __rt_heap_descriptor                     0x08000285   Thumb Code     8  rt_heap_descriptor_intlibspace.o(.text)
    __use_no_heap                            0x0800028d   Thumb Code     2  hguard.o(.text)
    __heap$guard                             0x0800028f   Thumb Code     2  hguard.o(.text)
    _terminate_user_alloc                    0x08000291   Thumb Code     2  init_alloc.o(.text)
    _init_user_alloc                         0x08000293   Thumb Code     2  init_alloc.o(.text)
    __Heap_Full                              0x08000295   Thumb Code    34  init_alloc.o(.text)
    __Heap_Broken                            0x080002b7   Thumb Code     6  init_alloc.o(.text)
    _init_alloc                              0x080002bd   Thumb Code    94  init_alloc.o(.text)
    __Heap_Initialize                        0x0800031b   Thumb Code    10  h1_init.o(.text)
    __Heap_DescSize                          0x08000325   Thumb Code     4  h1_init.o(.text)
    __user_libspace                          0x08000329   Thumb Code     8  libspace.o(.text)
    __user_perproc_libspace                  0x08000329   Thumb Code     0  libspace.o(.text)
    __user_perthread_libspace                0x08000329   Thumb Code     0  libspace.o(.text)
    __Heap_ProvideMemory                     0x08000331   Thumb Code    52  h1_extend.o(.text)
    __rt_SIGRTMEM                            0x08000365   Thumb Code    14  defsig_rtmem_outer.o(.text)
    __I$use$semihosting                      0x08000373   Thumb Code     0  use_no_semi.o(.text)
    __use_no_semihosting_swi                 0x08000373   Thumb Code     2  use_no_semi.o(.text)
    __semihosting_library_function           0x08000375   Thumb Code     0  indicate_semi.o(.text)
    __user_setup_stackheap                   0x08000375   Thumb Code    74  sys_stackheap_outer.o(.text)
    exit                                     0x080003bf   Thumb Code    18  exit.o(.text)
    __sig_exit                               0x080003d1   Thumb Code    10  defsig_exit.o(.text)
    __rt_SIGRTMEM_inner                      0x080003dd   Thumb Code    22  defsig_rtmem_inner.o(.text)
    _sys_exit                                0x0800042d   Thumb Code     8  sys_exit.o(.text)
    __default_signal_display                 0x08000439   Thumb Code    50  defsig_general.o(.text)
    _ttywrch                                 0x0800046b   Thumb Code    14  sys_wrch.o(.text)
    AppChoose                                0x08000479   Thumb Code   306  mainwindow.o(i.AppChoose)
    AppShow                                  0x080005b5   Thumb Code    82  mainwindow.o(i.AppShow)
    ClockShow                                0x08000611   Thumb Code   284  mainwindow.o(i.ClockShow)
    CountdownTimer                           0x08000749   Thumb Code   702  mainwindow.o(i.CountdownTimer)
    CreatQueue                               0x08000a0d   Thumb Code    28  queue.o(i.CreatQueue)
    DMA1_Channel5_IRQHandler                 0x08000a29   Thumb Code    12  dma.o(i.DMA1_Channel5_IRQHandler)
    DMA_GetITStatus                          0x08000a35   Thumb Code    36  stm32f10x_dma.o(i.DMA_GetITStatus)
    DateCalculate                            0x08000a61   Thumb Code   682  systick.o(i.DateCalculate)
    DelayUs                                  0x08000d21   Thumb Code    18  systick.o(i.DelayUs)
    EXTI0_IRQHandler                         0x08000d39   Thumb Code    22  inter.o(i.EXTI0_IRQHandler)
    EXTI1_IRQHandler                         0x08000d55   Thumb Code    22  inter.o(i.EXTI1_IRQHandler)
    EXTI2_IRQHandler                         0x08000d71   Thumb Code    22  inter.o(i.EXTI2_IRQHandler)
    EXTI4_IRQHandler                         0x08000d8d   Thumb Code    22  inter.o(i.EXTI4_IRQHandler)
    EXTI9_5_IRQHandler                       0x08000da9   Thumb Code    54  inter.o(i.EXTI9_5_IRQHandler)
    EXTI_ClearITPendingBit                   0x08000de5   Thumb Code     6  stm32f10x_exti.o(i.EXTI_ClearITPendingBit)
    EXTI_GetITStatus                         0x08000df1   Thumb Code    34  stm32f10x_exti.o(i.EXTI_GetITStatus)
    EXTI_Init                                0x08000e19   Thumb Code   142  stm32f10x_exti.o(i.EXTI_Init)
    GPIO_EXTILineConfig                      0x08000ead   Thumb Code    60  stm32f10x_gpio.o(i.GPIO_EXTILineConfig)
    GPIO_Init                                0x08000eed   Thumb Code   278  stm32f10x_gpio.o(i.GPIO_Init)
    GPIO_ReadInputDataBit                    0x08001003   Thumb Code    18  stm32f10x_gpio.o(i.GPIO_ReadInputDataBit)
    GPIO_SetBits                             0x08001015   Thumb Code     4  stm32f10x_gpio.o(i.GPIO_SetBits)
    GPIO_WriteBit                            0x08001019   Thumb Code    10  stm32f10x_gpio.o(i.GPIO_WriteBit)
    IicSendByte                              0x08001025   Thumb Code   116  oled.o(i.IicSendByte)
    JdyInit                                  0x0800109d   Thumb Code    14  usart.o(i.JdyInit)
    KeyBoradInit2                            0x080010b1   Thumb Code   248  keyborad.o(i.KeyBoradInit2)
    MPU6050_ReadReg                          0x080011ad   Thumb Code    62  mpu6050.o(i.MPU6050_ReadReg)
    MPU6050_WriteReg                         0x080011eb   Thumb Code    46  mpu6050.o(i.MPU6050_WriteReg)
    MPUInit                                  0x08001219   Thumb Code    60  mpu6050.o(i.MPUInit)
    MPUInteruput_Init                        0x08001255   Thumb Code   108  mpu6050.o(i.MPUInteruput_Init)
    Mp3Switch                                0x080012c5   Thumb Code    74  mainwindow.o(i.Mp3Switch)
    MyI2C_Init                               0x08001325   Thumb Code    46  myi2c.o(i.MyI2C_Init)
    MyI2C_R_SDA                              0x08001359   Thumb Code    34  myi2c.o(i.MyI2C_R_SDA)
    MyI2C_ReceiveAck                         0x08001381   Thumb Code    30  myi2c.o(i.MyI2C_ReceiveAck)
    MyI2C_ReceiveByte                        0x0800139f   Thumb Code    52  myi2c.o(i.MyI2C_ReceiveByte)
    MyI2C_SendAck                            0x080013d3   Thumb Code    24  myi2c.o(i.MyI2C_SendAck)
    MyI2C_SendByte                           0x080013eb   Thumb Code    42  myi2c.o(i.MyI2C_SendByte)
    MyI2C_Start                              0x08001415   Thumb Code    28  myi2c.o(i.MyI2C_Start)
    MyI2C_Stop                               0x08001431   Thumb Code    22  myi2c.o(i.MyI2C_Stop)
    MyI2C_W_SCL                              0x08001449   Thumb Code    34  myi2c.o(i.MyI2C_W_SCL)
    MyI2C_W_SDA                              0x08001471   Thumb Code    34  myi2c.o(i.MyI2C_W_SDA)
    NVIC_Init                                0x08001499   Thumb Code   100  misc.o(i.NVIC_Init)
    NVIC_PriorityGroupConfig                 0x08001509   Thumb Code    10  misc.o(i.NVIC_PriorityGroupConfig)
    OLED_Pow                                 0x0800151d   Thumb Code    20  oled.o(i.OLED_Pow)
    OledClear                                0x08001531   Thumb Code    42  oled.o(i.OledClear)
    OledSetCursor                            0x0800155b   Thumb Code    34  oled.o(i.OledSetCursor)
    OledShowCOLON                            0x0800157d   Thumb Code    62  oled.o(i.OledShowCOLON)
    OledShowChar                             0x080015c1   Thumb Code   106  oled.o(i.OledShowChar)
    OledShowCharNo                           0x08001631   Thumb Code   114  oled.o(i.OledShowCharNo)
    OledShowHexNum                           0x080016a9   Thumb Code    84  oled.o(i.OledShowHexNum)
    OledShowNUM                              0x080016fd   Thumb Code    64  oled.o(i.OledShowNUM)
    OledShowNUMNo                            0x08001741   Thumb Code    68  oled.o(i.OledShowNUMNo)
    OledShowNum                              0x08001789   Thumb Code    68  oled.o(i.OledShowNum)
    OledShowString                           0x080017cd   Thumb Code    36  oled.o(i.OledShowString)
    OledShowStringNo                         0x080017f1   Thumb Code    36  oled.o(i.OledShowStringNo)
    OledWriteCommand                         0x08001815   Thumb Code    98  oled.o(i.OledWriteCommand)
    OledWriteData                            0x0800187d   Thumb Code    98  oled.o(i.OledWriteData)
    Oled_Init                                0x080018e5   Thumb Code   194  oled.o(i.Oled_Init)
    QueuePop                                 0x080019b1   Thumb Code    40  queue.o(i.QueuePop)
    RCC_APB1PeriphClockCmd                   0x080019d9   Thumb Code    26  stm32f10x_rcc.o(i.RCC_APB1PeriphClockCmd)
    RCC_APB2PeriphClockCmd                   0x080019f9   Thumb Code    26  stm32f10x_rcc.o(i.RCC_APB2PeriphClockCmd)
    RCC_GetClocksFreq                        0x08001a19   Thumb Code   192  stm32f10x_rcc.o(i.RCC_GetClocksFreq)
    SPI_Cmd                                  0x08001aed   Thumb Code    24  stm32f10x_spi.o(i.SPI_Cmd)
    SPI_I2S_GetFlagStatus                    0x08001b05   Thumb Code    18  stm32f10x_spi.o(i.SPI_I2S_GetFlagStatus)
    SPI_I2S_ReceiveData                      0x08001b17   Thumb Code     6  stm32f10x_spi.o(i.SPI_I2S_ReceiveData)
    SPI_I2S_SendData                         0x08001b1d   Thumb Code     4  stm32f10x_spi.o(i.SPI_I2S_SendData)
    SPI_Init                                 0x08001b21   Thumb Code    60  stm32f10x_spi.o(i.SPI_Init)
    SpiChose                                 0x08001b5d   Thumb Code    18  w25q64.o(i.SpiChose)
    SpiInit                                  0x08001b75   Thumb Code   168  w25q64.o(i.SpiInit)
    SpiSwapByte                              0x08001c25   Thumb Code    50  w25q64.o(i.SpiSwapByte)
    StateClear                               0x08001c5d   Thumb Code    16  inter.o(i.StateClear)
    StateRead                                0x08001c71   Thumb Code    14  inter.o(i.StateRead)
    StepNum                                  0x08001c85   Thumb Code    60  mainwindow.o(i.StepNum)
    Storage                                  0x08001cd1   Thumb Code   172  mainwindow.o(i.Storage)
    SysTickInit                              0x08001d91   Thumb Code    24  systick.o(i.SysTickInit)
    SysTick_Handler                          0x08001db1   Thumb Code    76  main.o(i.SysTick_Handler)
    SystemInit                               0x08001e11   Thumb Code    64  main.o(i.SystemInit)
    Timer                                    0x08001e5d   Thumb Code   212  mainwindow.o(i.Timer)
    USART1_IRQHandler                        0x08001f61   Thumb Code    66  usart.o(i.USART1_IRQHandler)
    USART_Cmd                                0x08001fad   Thumb Code    24  stm32f10x_usart.o(i.USART_Cmd)
    USART_GetFlagStatus                      0x08001fc5   Thumb Code    26  stm32f10x_usart.o(i.USART_GetFlagStatus)
    USART_GetITStatus                        0x08001fdf   Thumb Code    84  stm32f10x_usart.o(i.USART_GetITStatus)
    USART_ITConfig                           0x08002033   Thumb Code    74  stm32f10x_usart.o(i.USART_ITConfig)
    USART_Init                               0x0800207d   Thumb Code   210  stm32f10x_usart.o(i.USART_Init)
    USART_ReceiveData                        0x08002155   Thumb Code    10  stm32f10x_usart.o(i.USART_ReceiveData)
    USART_SendData                           0x0800215f   Thumb Code     8  stm32f10x_usart.o(i.USART_SendData)
    UsartInit                                0x08002169   Thumb Code   162  usart.o(i.UsartInit)
    UsartSendByte                            0x08002215   Thumb Code    28  usart.o(i.UsartSendByte)
    W25Q64ReadID                             0x08002235   Thumb Code    66  w25q64.o(i.W25Q64ReadID)
    W25Q64SectorErase                        0x08002277   Thumb Code    54  w25q64.o(i.W25Q64SectorErase)
    W25Q64WaitBusy                           0x080022ad   Thumb Code    48  w25q64.o(i.W25Q64WaitBusy)
    W25Q64WriteEnable                        0x080022e1   Thumb Code    22  w25q64.o(i.W25Q64WriteEnable)
    WriteBuf                                 0x080022f9   Thumb Code    38  queue.o(i.WriteBuf)
    main                                     0x08002329   Thumb Code    66  main.o(i.main)
    OLED_F8x16                               0x08002378   Data        1520  oled.o(.constdata)
    NUMLED                                   0x08002968   Data         600  oled.o(.constdata)
    COLON                                    0x08002bc0   Data          12  oled.o(.constdata)
    Region$$Table$$Base                      0x08002bcc   Number         0  anon$$obj.o(Region$$Table)
    Region$$Table$$Limit                     0x08002bec   Number         0  anon$$obj.o(Region$$Table)
    status                                   0x20000000   Data           1  main.o(.data)
    state                                    0x20000001   Data           1  main.o(.data)
    SysTime                                  0x20000004   Data           4  main.o(.data)
    ClockTime                                0x20000008   Data           4  main.o(.data)
    SysTime2                                 0x2000000c   Data           4  main.o(.data)
    Clock2                                   0x20000010   Data           4  main.o(.data)
    DateYear                                 0x20000014   Data           2  main.o(.data)
    DateDay                                  0x20000016   Data           1  main.o(.data)
    DateMonth                                0x20000017   Data           1  main.o(.data)
    DateWeek                                 0x20000018   Data           1  main.o(.data)
    Weather                                  0x20000019   Data           1  main.o(.data)
    appstr                                   0x2000001a   Data          80  mainwindow.o(.data)
    stepnum                                  0x2000006a   Data           2  inter.o(.data)
    buffer                                   0x2000006c   Data           4  queue.o(.data)
    WriteIndex                               0x20000070   Data           1  queue.o(.data)
    ReadIndex                                0x20000071   Data           1  queue.o(.data)
    JdyStack                                 0x20000088   Data           4  usart.o(.data)
    i                                        0x2000008c   Data           1  usart.o(.data)
    sta                                      0x2000008d   Data           1  usart.o(.data)
    __libspace_start                         0x20000090   Data          96  libspace.o(.bss)
    __temporary_stack_top$libspace           0x200000f0   Data           0  libspace.o(.bss)



==============================================================================

Memory Map of the image

  Image Entry point : 0x080000ed

  Load Region LR_IROM1 (Base: 0x08000000, Size: 0x00002c7c, Max: 0x00010000, ABSOLUTE)

    Execution Region ER_IROM1 (Exec base: 0x08000000, Load base: 0x08000000, Size: 0x00002bec, Max: 0x00010000, ABSOLUTE)

    Exec Addr    Load Addr    Size         Type   Attr      Idx    E Section Name        Object

    0x08000000   0x08000000   0x000000ec   Data   RO            3    RESET               startup_stm32f10x_md.o
    0x080000ec   0x080000ec   0x00000008   Code   RO         3925  * !!!main             c_w.l(__main.o)
    0x080000f4   0x080000f4   0x00000034   Code   RO         4128    !!!scatter          c_w.l(__scatter.o)
    0x08000128   0x08000128   0x0000001a   Code   RO         4130    !!handler_copy      c_w.l(__scatter_copy.o)
    0x08000142   0x08000142   0x00000002   PAD
    0x08000144   0x08000144   0x0000001c   Code   RO         4132    !!handler_zi        c_w.l(__scatter_zi.o)
    0x08000160   0x08000160   0x00000002   Code   RO         4067    .ARM.Collect$$libinit$$00000000  c_w.l(libinit.o)
    0x08000162   0x08000162   0x00000000   Code   RO         3960    .ARM.Collect$$libinit$$00000002  c_w.l(libinit2.o)
    0x08000162   0x08000162   0x00000000   Code   RO         3962    .ARM.Collect$$libinit$$00000004  c_w.l(libinit2.o)
    0x08000162   0x08000162   0x00000008   Code   RO         3963    .ARM.Collect$$libinit$$00000005  c_w.l(libinit2.o)
    0x0800016a   0x0800016a   0x00000000   Code   RO         3965    .ARM.Collect$$libinit$$0000000A  c_w.l(libinit2.o)
    0x0800016a   0x0800016a   0x00000000   Code   RO         3967    .ARM.Collect$$libinit$$0000000C  c_w.l(libinit2.o)
    0x0800016a   0x0800016a   0x00000000   Code   RO         3969    .ARM.Collect$$libinit$$0000000E  c_w.l(libinit2.o)
    0x0800016a   0x0800016a   0x00000000   Code   RO         3972    .ARM.Collect$$libinit$$00000011  c_w.l(libinit2.o)
    0x0800016a   0x0800016a   0x00000000   Code   RO         3974    .ARM.Collect$$libinit$$00000013  c_w.l(libinit2.o)
    0x0800016a   0x0800016a   0x00000000   Code   RO         3976    .ARM.Collect$$libinit$$00000015  c_w.l(libinit2.o)
    0x0800016a   0x0800016a   0x00000000   Code   RO         3978    .ARM.Collect$$libinit$$00000017  c_w.l(libinit2.o)
    0x0800016a   0x0800016a   0x00000000   Code   RO         3980    .ARM.Collect$$libinit$$00000019  c_w.l(libinit2.o)
    0x0800016a   0x0800016a   0x00000000   Code   RO         3982    .ARM.Collect$$libinit$$0000001B  c_w.l(libinit2.o)
    0x0800016a   0x0800016a   0x00000000   Code   RO         3984    .ARM.Collect$$libinit$$0000001D  c_w.l(libinit2.o)
    0x0800016a   0x0800016a   0x00000000   Code   RO         3986    .ARM.Collect$$libinit$$0000001F  c_w.l(libinit2.o)
    0x0800016a   0x0800016a   0x00000000   Code   RO         3988    .ARM.Collect$$libinit$$00000021  c_w.l(libinit2.o)
    0x0800016a   0x0800016a   0x00000000   Code   RO         3990    .ARM.Collect$$libinit$$00000023  c_w.l(libinit2.o)
    0x0800016a   0x0800016a   0x00000000   Code   RO         3992    .ARM.Collect$$libinit$$00000025  c_w.l(libinit2.o)
    0x0800016a   0x0800016a   0x00000000   Code   RO         3996    .ARM.Collect$$libinit$$0000002C  c_w.l(libinit2.o)
    0x0800016a   0x0800016a   0x00000000   Code   RO         3998    .ARM.Collect$$libinit$$0000002E  c_w.l(libinit2.o)
    0x0800016a   0x0800016a   0x00000000   Code   RO         4000    .ARM.Collect$$libinit$$00000030  c_w.l(libinit2.o)
    0x0800016a   0x0800016a   0x00000000   Code   RO         4002    .ARM.Collect$$libinit$$00000032  c_w.l(libinit2.o)
    0x0800016a   0x0800016a   0x00000002   Code   RO         4003    .ARM.Collect$$libinit$$00000033  c_w.l(libinit2.o)
    0x0800016c   0x0800016c   0x00000002   Code   RO         4125    .ARM.Collect$$libshutdown$$00000000  c_w.l(libshutdown.o)
    0x0800016e   0x0800016e   0x00000000   Code   RO         4081    .ARM.Collect$$libshutdown$$00000002  c_w.l(libshutdown2.o)
    0x0800016e   0x0800016e   0x00000000   Code   RO         4083    .ARM.Collect$$libshutdown$$00000004  c_w.l(libshutdown2.o)
    0x0800016e   0x0800016e   0x00000000   Code   RO         4086    .ARM.Collect$$libshutdown$$00000007  c_w.l(libshutdown2.o)
    0x0800016e   0x0800016e   0x00000000   Code   RO         4089    .ARM.Collect$$libshutdown$$0000000A  c_w.l(libshutdown2.o)
    0x0800016e   0x0800016e   0x00000000   Code   RO         4091    .ARM.Collect$$libshutdown$$0000000C  c_w.l(libshutdown2.o)
    0x0800016e   0x0800016e   0x00000000   Code   RO         4094    .ARM.Collect$$libshutdown$$0000000F  c_w.l(libshutdown2.o)
    0x0800016e   0x0800016e   0x00000002   Code   RO         4095    .ARM.Collect$$libshutdown$$00000010  c_w.l(libshutdown2.o)
    0x08000170   0x08000170   0x00000000   Code   RO         3929    .ARM.Collect$$rtentry$$00000000  c_w.l(__rtentry.o)
    0x08000170   0x08000170   0x00000000   Code   RO         4010    .ARM.Collect$$rtentry$$00000002  c_w.l(__rtentry2.o)
    0x08000170   0x08000170   0x00000006   Code   RO         4022    .ARM.Collect$$rtentry$$00000004  c_w.l(__rtentry4.o)
    0x08000176   0x08000176   0x00000000   Code   RO         4012    .ARM.Collect$$rtentry$$00000009  c_w.l(__rtentry2.o)
    0x08000176   0x08000176   0x00000004   Code   RO         4013    .ARM.Collect$$rtentry$$0000000A  c_w.l(__rtentry2.o)
    0x0800017a   0x0800017a   0x00000000   Code   RO         4015    .ARM.Collect$$rtentry$$0000000C  c_w.l(__rtentry2.o)
    0x0800017a   0x0800017a   0x00000008   Code   RO         4016    .ARM.Collect$$rtentry$$0000000D  c_w.l(__rtentry2.o)
    0x08000182   0x08000182   0x00000002   Code   RO         4070    .ARM.Collect$$rtexit$$00000000  c_w.l(rtexit.o)
    0x08000184   0x08000184   0x00000000   Code   RO         4099    .ARM.Collect$$rtexit$$00000002  c_w.l(rtexit2.o)
    0x08000184   0x08000184   0x00000004   Code   RO         4100    .ARM.Collect$$rtexit$$00000003  c_w.l(rtexit2.o)
    0x08000188   0x08000188   0x00000006   Code   RO         4101    .ARM.Collect$$rtexit$$00000004  c_w.l(rtexit2.o)
    0x0800018e   0x0800018e   0x00000002   PAD
    0x08000190   0x08000190   0x00000000   Code   RO         4026    .emb_text           c_w.l(maybetermalloc1.o)
    0x08000190   0x08000190   0x00000040   Code   RO            4    .text               startup_stm32f10x_md.o
    0x080001d0   0x080001d0   0x0000005e   Code   RO         3865    .text               c_w.l(h1_alloc.o)
    0x0800022e   0x0800022e   0x0000004e   Code   RO         3867    .text               c_w.l(h1_free.o)
    0x0800027c   0x0800027c   0x00000006   Code   RO         3923    .text               c_w.l(heapauxi.o)
    0x08000282   0x08000282   0x00000002   PAD
    0x08000284   0x08000284   0x00000008   Code   RO         3933    .text               c_w.l(rt_heap_descriptor_intlibspace.o)
    0x0800028c   0x0800028c   0x00000004   Code   RO         3935    .text               c_w.l(hguard.o)
    0x08000290   0x08000290   0x0000008a   Code   RO         3937    .text               c_w.l(init_alloc.o)
    0x0800031a   0x0800031a   0x0000000e   Code   RO         3941    .text               c_w.l(h1_init.o)
    0x08000328   0x08000328   0x00000008   Code   RO         4006    .text               c_w.l(libspace.o)
    0x08000330   0x08000330   0x00000034   Code   RO         4028    .text               c_w.l(h1_extend.o)
    0x08000364   0x08000364   0x0000000e   Code   RO         4032    .text               c_w.l(defsig_rtmem_outer.o)
    0x08000372   0x08000372   0x00000002   Code   RO         4043    .text               c_w.l(use_no_semi.o)
    0x08000374   0x08000374   0x00000000   Code   RO         4045    .text               c_w.l(indicate_semi.o)
    0x08000374   0x08000374   0x0000004a   Code   RO         4046    .text               c_w.l(sys_stackheap_outer.o)
    0x080003be   0x080003be   0x00000012   Code   RO         4052    .text               c_w.l(exit.o)
    0x080003d0   0x080003d0   0x0000000a   Code   RO         4054    .text               c_w.l(defsig_exit.o)
    0x080003da   0x080003da   0x00000002   PAD
    0x080003dc   0x080003dc   0x00000050   Code   RO         4056    .text               c_w.l(defsig_rtmem_inner.o)
    0x0800042c   0x0800042c   0x0000000c   Code   RO         4068    .text               c_w.l(sys_exit.o)
    0x08000438   0x08000438   0x00000032   Code   RO         4078    .text               c_w.l(defsig_general.o)
    0x0800046a   0x0800046a   0x0000000e   Code   RO         4096    .text               c_w.l(sys_wrch.o)
    0x08000478   0x08000478   0x0000013c   Code   RO          332    i.AppChoose         mainwindow.o
    0x080005b4   0x080005b4   0x0000005c   Code   RO          333    i.AppShow           mainwindow.o
    0x08000610   0x08000610   0x00000138   Code   RO          335    i.ClockShow         mainwindow.o
    0x08000748   0x08000748   0x000002c4   Code   RO          336    i.CountdownTimer    mainwindow.o
    0x08000a0c   0x08000a0c   0x0000001c   Code   RO          556    i.CreatQueue        queue.o
    0x08000a28   0x08000a28   0x0000000c   Code   RO         3832    i.DMA1_Channel5_IRQHandler  dma.o
    0x08000a34   0x08000a34   0x0000002c   Code   RO         1428    i.DMA_GetITStatus   stm32f10x_dma.o
    0x08000a60   0x08000a60   0x000002c0   Code   RO          277    i.DateCalculate     systick.o
    0x08000d20   0x08000d20   0x00000018   Code   RO          278    i.DelayUs           systick.o
    0x08000d38   0x08000d38   0x0000001c   Code   RO          432    i.EXTI0_IRQHandler  inter.o
    0x08000d54   0x08000d54   0x0000001c   Code   RO          433    i.EXTI1_IRQHandler  inter.o
    0x08000d70   0x08000d70   0x0000001c   Code   RO          434    i.EXTI2_IRQHandler  inter.o
    0x08000d8c   0x08000d8c   0x0000001c   Code   RO          435    i.EXTI4_IRQHandler  inter.o
    0x08000da8   0x08000da8   0x0000003c   Code   RO          436    i.EXTI9_5_IRQHandler  inter.o
    0x08000de4   0x08000de4   0x0000000c   Code   RO         1498    i.EXTI_ClearITPendingBit  stm32f10x_exti.o
    0x08000df0   0x08000df0   0x00000028   Code   RO         1502    i.EXTI_GetITStatus  stm32f10x_exti.o
    0x08000e18   0x08000e18   0x00000094   Code   RO         1503    i.EXTI_Init         stm32f10x_exti.o
    0x08000eac   0x08000eac   0x00000040   Code   RO         1855    i.GPIO_EXTILineConfig  stm32f10x_gpio.o
    0x08000eec   0x08000eec   0x00000116   Code   RO         1858    i.GPIO_Init         stm32f10x_gpio.o
    0x08001002   0x08001002   0x00000012   Code   RO         1862    i.GPIO_ReadInputDataBit  stm32f10x_gpio.o
    0x08001014   0x08001014   0x00000004   Code   RO         1866    i.GPIO_SetBits      stm32f10x_gpio.o
    0x08001018   0x08001018   0x0000000a   Code   RO         1869    i.GPIO_WriteBit     stm32f10x_gpio.o
    0x08001022   0x08001022   0x00000002   PAD
    0x08001024   0x08001024   0x00000078   Code   RO          160    i.IicSendByte       oled.o
    0x0800109c   0x0800109c   0x00000014   Code   RO         3697    i.JdyInit           usart.o
    0x080010b0   0x080010b0   0x000000fc   Code   RO          312    i.KeyBoradInit2     keyborad.o
    0x080011ac   0x080011ac   0x0000003e   Code   RO          505    i.MPU6050_ReadReg   mpu6050.o
    0x080011ea   0x080011ea   0x0000002e   Code   RO          506    i.MPU6050_WriteReg  mpu6050.o
    0x08001218   0x08001218   0x0000003c   Code   RO          507    i.MPUInit           mpu6050.o
    0x08001254   0x08001254   0x00000070   Code   RO          508    i.MPUInteruput_Init  mpu6050.o
    0x080012c4   0x080012c4   0x00000060   Code   RO          337    i.Mp3Switch         mainwindow.o
    0x08001324   0x08001324   0x00000034   Code   RO          604    i.MyI2C_Init        myi2c.o
    0x08001358   0x08001358   0x00000028   Code   RO          605    i.MyI2C_R_SDA       myi2c.o
    0x08001380   0x08001380   0x0000001e   Code   RO          606    i.MyI2C_ReceiveAck  myi2c.o
    0x0800139e   0x0800139e   0x00000034   Code   RO          607    i.MyI2C_ReceiveByte  myi2c.o
    0x080013d2   0x080013d2   0x00000018   Code   RO          608    i.MyI2C_SendAck     myi2c.o
    0x080013ea   0x080013ea   0x0000002a   Code   RO          609    i.MyI2C_SendByte    myi2c.o
    0x08001414   0x08001414   0x0000001c   Code   RO          610    i.MyI2C_Start       myi2c.o
    0x08001430   0x08001430   0x00000016   Code   RO          611    i.MyI2C_Stop        myi2c.o
    0x08001446   0x08001446   0x00000002   PAD
    0x08001448   0x08001448   0x00000028   Code   RO          612    i.MyI2C_W_SCL       myi2c.o
    0x08001470   0x08001470   0x00000028   Code   RO          613    i.MyI2C_W_SDA       myi2c.o
    0x08001498   0x08001498   0x00000070   Code   RO          673    i.NVIC_Init         misc.o
    0x08001508   0x08001508   0x00000014   Code   RO          674    i.NVIC_PriorityGroupConfig  misc.o
    0x0800151c   0x0800151c   0x00000014   Code   RO          161    i.OLED_Pow          oled.o
    0x08001530   0x08001530   0x0000002a   Code   RO          162    i.OledClear         oled.o
    0x0800155a   0x0800155a   0x00000022   Code   RO          163    i.OledSetCursor     oled.o
    0x0800157c   0x0800157c   0x00000044   Code   RO          164    i.OledShowCOLON     oled.o
    0x080015c0   0x080015c0   0x00000070   Code   RO          165    i.OledShowChar      oled.o
    0x08001630   0x08001630   0x00000078   Code   RO          166    i.OledShowCharNo    oled.o
    0x080016a8   0x080016a8   0x00000054   Code   RO          167    i.OledShowHexNum    oled.o
    0x080016fc   0x080016fc   0x00000044   Code   RO          168    i.OledShowNUM       oled.o
    0x08001740   0x08001740   0x00000048   Code   RO          169    i.OledShowNUMNo     oled.o
    0x08001788   0x08001788   0x00000044   Code   RO          170    i.OledShowNum       oled.o
    0x080017cc   0x080017cc   0x00000024   Code   RO          172    i.OledShowString    oled.o
    0x080017f0   0x080017f0   0x00000024   Code   RO          173    i.OledShowStringNo  oled.o
    0x08001814   0x08001814   0x00000068   Code   RO          174    i.OledWriteCommand  oled.o
    0x0800187c   0x0800187c   0x00000068   Code   RO          175    i.OledWriteData     oled.o
    0x080018e4   0x080018e4   0x000000cc   Code   RO          176    i.Oled_Init         oled.o
    0x080019b0   0x080019b0   0x00000028   Code   RO          557    i.QueuePop          queue.o
    0x080019d8   0x080019d8   0x00000020   Code   RO         2276    i.RCC_APB1PeriphClockCmd  stm32f10x_rcc.o
    0x080019f8   0x080019f8   0x00000020   Code   RO         2278    i.RCC_APB2PeriphClockCmd  stm32f10x_rcc.o
    0x08001a18   0x08001a18   0x000000d4   Code   RO         2286    i.RCC_GetClocksFreq  stm32f10x_rcc.o
    0x08001aec   0x08001aec   0x00000018   Code   RO         2764    i.SPI_Cmd           stm32f10x_spi.o
    0x08001b04   0x08001b04   0x00000012   Code   RO         2772    i.SPI_I2S_GetFlagStatus  stm32f10x_spi.o
    0x08001b16   0x08001b16   0x00000006   Code   RO         2775    i.SPI_I2S_ReceiveData  stm32f10x_spi.o
    0x08001b1c   0x08001b1c   0x00000004   Code   RO         2776    i.SPI_I2S_SendData  stm32f10x_spi.o
    0x08001b20   0x08001b20   0x0000003c   Code   RO         2777    i.SPI_Init          stm32f10x_spi.o
    0x08001b5c   0x08001b5c   0x00000018   Code   RO         3756    i.SpiChose          w25q64.o
    0x08001b74   0x08001b74   0x000000b0   Code   RO         3757    i.SpiInit           w25q64.o
    0x08001c24   0x08001c24   0x00000038   Code   RO         3758    i.SpiSwapByte       w25q64.o
    0x08001c5c   0x08001c5c   0x00000014   Code   RO          437    i.StateClear        inter.o
    0x08001c70   0x08001c70   0x00000014   Code   RO          438    i.StateRead         inter.o
    0x08001c84   0x08001c84   0x0000004c   Code   RO          338    i.StepNum           mainwindow.o
    0x08001cd0   0x08001cd0   0x000000c0   Code   RO          339    i.Storage           mainwindow.o
    0x08001d90   0x08001d90   0x00000020   Code   RO          280    i.SysTickInit       systick.o
    0x08001db0   0x08001db0   0x00000060   Code   RO           10    i.SysTick_Handler   main.o
    0x08001e10   0x08001e10   0x0000004c   Code   RO           11    i.SystemInit        main.o
    0x08001e5c   0x08001e5c   0x00000104   Code   RO          340    i.Timer             mainwindow.o
    0x08001f60   0x08001f60   0x0000004c   Code   RO         3698    i.USART1_IRQHandler  usart.o
    0x08001fac   0x08001fac   0x00000018   Code   RO         3461    i.USART_Cmd         stm32f10x_usart.o
    0x08001fc4   0x08001fc4   0x0000001a   Code   RO         3464    i.USART_GetFlagStatus  stm32f10x_usart.o
    0x08001fde   0x08001fde   0x00000054   Code   RO         3465    i.USART_GetITStatus  stm32f10x_usart.o
    0x08002032   0x08002032   0x0000004a   Code   RO         3467    i.USART_ITConfig    stm32f10x_usart.o
    0x0800207c   0x0800207c   0x000000d8   Code   RO         3468    i.USART_Init        stm32f10x_usart.o
    0x08002154   0x08002154   0x0000000a   Code   RO         3475    i.USART_ReceiveData  stm32f10x_usart.o
    0x0800215e   0x0800215e   0x00000008   Code   RO         3478    i.USART_SendData    stm32f10x_usart.o
    0x08002166   0x08002166   0x00000002   PAD
    0x08002168   0x08002168   0x000000ac   Code   RO         3699    i.UsartInit         usart.o
    0x08002214   0x08002214   0x00000020   Code   RO         3701    i.UsartSendByte     usart.o
    0x08002234   0x08002234   0x00000042   Code   RO         3761    i.W25Q64ReadID      w25q64.o
    0x08002276   0x08002276   0x00000036   Code   RO         3762    i.W25Q64SectorErase  w25q64.o
    0x080022ac   0x080022ac   0x00000034   Code   RO         3763    i.W25Q64WaitBusy    w25q64.o
    0x080022e0   0x080022e0   0x00000016   Code   RO         3764    i.W25Q64WriteEnable  w25q64.o
    0x080022f6   0x080022f6   0x00000002   PAD
    0x080022f8   0x080022f8   0x00000030   Code   RO          561    i.WriteBuf          queue.o
    0x08002328   0x08002328   0x00000050   Code   RO           12    i.main              main.o
    0x08002378   0x08002378   0x00000854   Data   RO          177    .constdata          oled.o
    0x08002bcc   0x08002bcc   0x00000020   Data   RO         4126    Region$$Table       anon$$obj.o


    Execution Region RW_IRAM1 (Exec base: 0x20000000, Load base: 0x08002bec, Size: 0x000006f0, Max: 0x00005000, ABSOLUTE)

    Exec Addr    Load Addr    Size         Type   Attr      Idx    E Section Name        Object

    0x20000000   0x08002bec   0x0000001a   Data   RW           14    .data               main.o
    0x2000001a   0x08002c06   0x00000050   Data   RW          344    .data               mainwindow.o
    0x2000006a   0x08002c56   0x00000002   Data   RW          439    .data               inter.o
    0x2000006c   0x08002c58   0x00000006   Data   RW          562    .data               queue.o
    0x20000072   0x08002c5e   0x00000014   Data   RW         2306    .data               stm32f10x_rcc.o
    0x20000086   0x08002c72   0x00000002   PAD
    0x20000088   0x08002c74   0x00000006   Data   RW         3704    .data               usart.o
    0x2000008e   0x08002c7a   0x00000002   PAD
    0x20000090        -       0x00000060   Zero   RW         4007    .bss                c_w.l(libspace.o)
    0x200000f0        -       0x00000200   Zero   RW            2    HEAP                startup_stm32f10x_md.o
    0x200002f0        -       0x00000400   Zero   RW            1    STACK               startup_stm32f10x_md.o


==============================================================================

Image component sizes


      Code (inc. data)   RO Data    RW Data    ZI Data      Debug   Object Name

        12          0          0          0          0        415   dma.o
       212         40          0          2          0       3180   inter.o
       252          4          0          0          0        672   keyborad.o
       252         46          0         26          0     242879   main.o
      2052        168          0         80          0       6289   mainwindow.o
       132         22          0          0          0       2963   misc.o
       280          4          0          0          0       2059   mpu6050.o
       370         24          0          0          0       4686   myi2c.o
      1292         52       2132          0          0       9687   oled.o
       116         10          0          6          0       2585   queue.o
        64         26        236          0       1536        800   startup_stm32f10x_md.o
        44          8          0          0          0        546   stm32f10x_dma.o
       200         18          0          0          0       3964   stm32f10x_exti.o
       374          4          0          0          0      12237   stm32f10x_gpio.o
       276         32          0         20          0      12806   stm32f10x_rcc.o
       112          0          0          0          0      10302   stm32f10x_spi.o
       442          6          0          0          0      11645   stm32f10x_usart.o
       760         36          0          0          0       1872   systick.o
       300         30          0          6          0       2443   usart.o
       450         24          0          0          0       3731   w25q64.o

    ----------------------------------------------------------------------
      8000        554       2400        144       1536     335761   Object Totals
         0          0         32          0          0          0   (incl. Generated)
         8          0          0          4          0          0   (incl. Padding)

    ----------------------------------------------------------------------

      Code (inc. data)   RO Data    RW Data    ZI Data      Debug   Library Member Name

         8          0          0          0          0         68   __main.o
         0          0          0          0          0          0   __rtentry.o
        12          0          0          0          0          0   __rtentry2.o
         6          0          0          0          0          0   __rtentry4.o
        52          8          0          0          0          0   __scatter.o
        26          0          0          0          0          0   __scatter_copy.o
        28          0          0          0          0          0   __scatter_zi.o
        10          0          0          0          0         68   defsig_exit.o
        50          0          0          0          0         88   defsig_general.o
        80         58          0          0          0         76   defsig_rtmem_inner.o
        14          0          0          0          0         80   defsig_rtmem_outer.o
        18          0          0          0          0         80   exit.o
        94          0          0          0          0         80   h1_alloc.o
        52          0          0          0          0         68   h1_extend.o
        78          0          0          0          0         80   h1_free.o
        14          0          0          0          0         84   h1_init.o
         6          0          0          0          0        152   heapauxi.o
         4          0          0          0          0        136   hguard.o
         0          0          0          0          0          0   indicate_semi.o
       138          0          0          0          0        168   init_alloc.o
         2          0          0          0          0          0   libinit.o
        10          0          0          0          0          0   libinit2.o
         2          0          0          0          0          0   libshutdown.o
         2          0          0          0          0          0   libshutdown2.o
         8          4          0          0         96         68   libspace.o
         0          0          0          0          0          0   maybetermalloc1.o
         8          4          0          0          0         68   rt_heap_descriptor_intlibspace.o
         2          0          0          0          0          0   rtexit.o
        10          0          0          0          0          0   rtexit2.o
        12          4          0          0          0         68   sys_exit.o
        74          0          0          0          0         80   sys_stackheap_outer.o
        14          0          0          0          0         76   sys_wrch.o
         2          0          0          0          0         68   use_no_semi.o

    ----------------------------------------------------------------------
       844         78          0          0         96       1656   Library Totals
         8          0          0          0          0          0   (incl. Padding)

    ----------------------------------------------------------------------

      Code (inc. data)   RO Data    RW Data    ZI Data      Debug   Library Name

       836         78          0          0         96       1656   c_w.l

    ----------------------------------------------------------------------
       844         78          0          0         96       1656   Library Totals

    ----------------------------------------------------------------------

==============================================================================


      Code (inc. data)   RO Data    RW Data    ZI Data      Debug   

      8844        632       2400        144       1632     331901   Grand Totals
      8844        632       2400        144       1632     331901   ELF Image Totals
      8844        632       2400        144          0          0   ROM Totals

==============================================================================

    Total RO  Size (Code + RO Data)                11244 (  10.98kB)
    Total RW  Size (RW Data + ZI Data)              1776 (   1.73kB)
    Total ROM Size (Code + RO Data + RW Data)      11388 (  11.12kB)

==============================================================================

